<?xml version="1.0" encoding="utf-8"?>
<TestRun id="f6830559-5c1d-49dc-8798-1e47346bf3ac" name="@reverse-code-generator-69bf4222-hpwqw 2026-07-18 00:29:28" xmlns="http://microsoft.com/schemas/VisualStudio/TeamTest/2010">
  <Times creation="2026-07-18T00:29:28.4763132+00:00" queuing="2026-07-18T00:29:28.4763133+00:00" start="2026-07-18T00:29:26.1046484+00:00" finish="2026-07-18T00:29:29.2352040+00:00" />
  <TestSettings name="default" id="e0fabe72-eaef-4494-b33c-a254032116be">
    <Deployment runDeploymentRoot="_reverse-code-generator-69bf4222-hpwqw_2026-07-18_00_29_28" />
  </TestSettings>
  <Results>
    <UnitTestResult executionId="c051f3e8-3904-4939-93a5-ab5fd5df9b6c" testId="1ac1215c-0157-871f-a800-84fd9cd8d2ed" testName="ApplyAsync_LeavesUnrealizedPnlUntouched" computerName="reverse-code-generator-69bf4222-hpwqw" duration="00:00:00.0133593" startTime="2026-07-18T00:29:28.5476794+00:00" endTime="2026-07-18T00:29:28.5611238+00:00" testType="13cdc9d9-ddb5-4fa4-a97d-d965ccfc6d4b" outcome="Passed" testListId="8c84fa94-04c1-424b-9868-57a2d4851a1d" relativeResultsDirectory="c051f3e8-3904-4939-93a5-ab5fd5df9b6c" />
    <UnitTestResult executionId="943db01a-604d-4b3a-9e7b-839c5fcc83c7" testId="1bc9eda0-2451-86a5-8c9e-3b4cc8bae45c" testName="Recalculate_DoesNotProduceUnrealizedPnl" computerName="reverse-code-generator-69bf4222-hpwqw" duration="00:00:00.0003306" startTime="2026-07-18T00:29:28.1222472+00:00" endTime="2026-07-18T00:29:28.1226386+00:00" testType="13cdc9d9-ddb5-4fa4-a97d-d965ccfc6d4b" outcome="Passed" testListId="8c84fa94-04c1-424b-9868-57a2d4851a1d" relativeResultsDirectory="943db01a-604d-4b3a-9e7b-839c5fcc83c7" />
    <UnitTestResult executionId="83a65e76-14ec-40c1-9868-19b4cf209294" testId="1a2699cf-08e2-8fee-b635-2a6cb6d3336e" testName="Stage4_StagedOrdering_AttributionMatrix" computerName="reverse-code-generator-69bf4222-hpwqw" duration="00:00:00.1728944" startTime="2026-07-18T00:29:28.9844697+00:00" endTime="2026-07-18T00:29:29.1621978+00:00" testType="13cdc9d9-ddb5-4fa4-a97d-d965ccfc6d4b" outcome="Passed" testListId="8c84fa94-04c1-424b-9868-57a2d4851a1d" relativeResultsDirectory="83a65e76-14ec-40c1-9868-19b4cf209294" />
    <UnitTestResult executionId="a516d17a-3726-4eb2-8d14-0bcb8e7b3ed2" testId="15baeaef-fe43-8940-a648-5f80716e3b88" testName="ApplyAsync_CrossInstanceDuplicateSamePersistedTrade_IsDurableNoOp" computerName="reverse-code-generator-69bf4222-hpwqw" duration="00:00:00.0166925" startTime="2026-07-18T00:29:28.5611689+00:00" endTime="2026-07-18T00:29:28.5779321+00:00" testType="13cdc9d9-ddb5-4fa4-a97d-d965ccfc6d4b" outcome="Passed" testListId="8c84fa94-04c1-424b-9868-57a2d4851a1d" relativeResultsDirectory="a516d17a-3726-4eb2-8d14-0bcb8e7b3ed2" />
    <UnitTestResult executionId="194bdfd3-1060-4a23-8043-5c9b3b83ac26" testId="1fcb5727-0899-805a-a8af-dbd279cce9bd" testName="Gateway_ConcurrentDifferentTrades_Accumulate" computerName="reverse-code-generator-69bf4222-hpwqw" duration="00:00:00.0207598" startTime="2026-07-18T00:29:28.5115725+00:00" endTime="2026-07-18T00:29:28.5324097+00:00" testType="13cdc9d9-ddb5-4fa4-a97d-d965ccfc6d4b" outcome="Passed" testListId="8c84fa94-04c1-424b-9868-57a2d4851a1d" relativeResultsDirectory="194bdfd3-1060-4a23-8043-5c9b3b83ac26" />
    <UnitTestResult executionId="854f6378-5aa4-4499-b43f-8fef38ece81a" testId="18f217ed-242b-88cd-89e2-eaf9afc65015" testName="Stage3_PostgreSqlEngineParity_AllCasesViaApplyAsync" computerName="reverse-code-generator-69bf4222-hpwqw" duration="00:00:00.3279152" startTime="2026-07-18T00:29:28.1252439+00:00" endTime="2026-07-18T00:29:28.4544880+00:00" testType="13cdc9d9-ddb5-4fa4-a97d-d965ccfc6d4b" outcome="Passed" testListId="8c84fa94-04c1-424b-9868-57a2d4851a1d" relativeResultsDirectory="854f6378-5aa4-4499-b43f-8fef38ece81a" />
    <UnitTestResult executionId="325d6f90-72ba-4ef0-ba54-76acbb16f9b6" testId="1788fced-9b76-8635-9330-d5a655e54b43" testName="Recalculate_NonPositivePrice_ThrowsArgumentOutOfRange" computerName="reverse-code-generator-69bf4222-hpwqw" duration="00:00:00.0003402" startTime="2026-07-18T00:29:28.1248339+00:00" endTime="2026-07-18T00:29:28.1252187+00:00" testType="13cdc9d9-ddb5-4fa4-a97d-d965ccfc6d4b" outcome="Passed" testListId="8c84fa94-04c1-424b-9868-57a2d4851a1d" relativeResultsDirectory="325d6f90-72ba-4ef0-ba54-76acbb16f9b6" />
    <UnitTestResult executionId="f0399ac9-0485-4c83-8437-8652702bf3dc" testId="1e164475-118b-8f64-be71-680f6e4a8421" testName="PureLogic_AverageCostInvariants" computerName="reverse-code-generator-69bf4222-hpwqw" duration="00:00:00.0015900" startTime="2026-07-18T00:29:28.1190432+00:00" endTime="2026-07-18T00:29:28.1211220+00:00" testType="13cdc9d9-ddb5-4fa4-a97d-d965ccfc6d4b" outcome="Passed" testListId="8c84fa94-04c1-424b-9868-57a2d4851a1d" relativeResultsDirectory="f0399ac9-0485-4c83-8437-8652702bf3dc" />
    <UnitTestResult executionId="99689330-e0fb-49ee-ba66-2cacdf039e42" testId="164c3e4e-45f4-809f-858e-89486b0d308a" testName="PureLogic_RecalculateMatchesGoldenConstants" computerName="reverse-code-generator-69bf4222-hpwqw" duration="00:00:00.0113767" startTime="2026-07-18T00:29:26.7119448+00:00" endTime="2026-07-18T00:29:28.1139349+00:00" testType="13cdc9d9-ddb5-4fa4-a97d-d965ccfc6d4b" outcome="Passed" testListId="8c84fa94-04c1-424b-9868-57a2d4851a1d" relativeResultsDirectory="99689330-e0fb-49ee-ba66-2cacdf039e42" />
    <UnitTestResult executionId="ec73d753-624c-44c8-8ed8-fde67976dcaf" testId="1d6bba10-b19f-8c7e-8364-075aca67b902" testName="Stage1_OriginalSqlServerProcedure_GoldenBaseline" computerName="reverse-code-generator-69bf4222-hpwqw" duration="00:00:00.3346444" startTime="2026-07-18T00:29:28.6239061+00:00" endTime="2026-07-18T00:29:28.9586155+00:00" testType="13cdc9d9-ddb5-4fa4-a97d-d965ccfc6d4b" outcome="Passed" testListId="8c84fa94-04c1-424b-9868-57a2d4851a1d" relativeResultsDirectory="ec73d753-624c-44c8-8ed8-fde67976dcaf" />
    <UnitTestResult executionId="1bb28e78-eefd-4742-b173-a53230dbf917" testId="17e53132-54ab-8469-9109-aaed6ceb4ad0" testName="ServiceTransaction_TradeInsertRolledBackWhenApplyThrows" computerName="reverse-code-generator-69bf4222-hpwqw" duration="00:00:00.0126434" startTime="2026-07-18T00:29:28.4988326+00:00" endTime="2026-07-18T00:29:28.5115357+00:00" testType="13cdc9d9-ddb5-4fa4-a97d-d965ccfc6d4b" outcome="Passed" testListId="8c84fa94-04c1-424b-9868-57a2d4851a1d" relativeResultsDirectory="1bb28e78-eefd-4742-b173-a53230dbf917" />
    <UnitTestResult executionId="61fae494-f91f-472d-8baf-13b23dcb31ab" testId="1d26e298-1bd8-81dc-b618-a76e8f2fe155" testName="CaseTable_CoversAllBranches" computerName="reverse-code-generator-69bf4222-hpwqw" duration="00:00:00.0012589" startTime="2026-07-18T00:29:28.6225419+00:00" endTime="2026-07-18T00:29:28.6238787+00:00" testType="13cdc9d9-ddb5-4fa4-a97d-d965ccfc6d4b" outcome="Passed" testListId="8c84fa94-04c1-424b-9868-57a2d4851a1d" relativeResultsDirectory="61fae494-f91f-472d-8baf-13b23dcb31ab" />
    <UnitTestResult executionId="de2f4feb-8df1-4e72-b72c-fa5efdd0dbe3" testId="1d9cf96b-9418-8c9e-854a-43b98556eca5" testName="Gateway_RecordTrade_NonexistentOrder_LeavesNoPartialState" computerName="reverse-code-generator-69bf4222-hpwqw" duration="00:00:00.0119941" startTime="2026-07-18T00:29:28.4867077+00:00" endTime="2026-07-18T00:29:28.4987810+00:00" testType="13cdc9d9-ddb5-4fa4-a97d-d965ccfc6d4b" outcome="Passed" testListId="8c84fa94-04c1-424b-9868-57a2d4851a1d" relativeResultsDirectory="de2f4feb-8df1-4e72-b72c-fa5efdd0dbe3" />
    <UnitTestResult executionId="bec09688-40a4-45b6-b0c0-376347638681" testId="1cd09893-d6f2-87bb-b52c-dae16afbadfe" testName="RecordTrade_SubFourDecimalQtyPrice_PositionMatchesPersistedValues" computerName="reverse-code-generator-69bf4222-hpwqw" duration="00:00:00.0144452" startTime="2026-07-18T00:29:28.6079980+00:00" endTime="2026-07-18T00:29:28.6225033+00:00" testType="13cdc9d9-ddb5-4fa4-a97d-d965ccfc6d4b" outcome="Passed" testListId="8c84fa94-04c1-424b-9868-57a2d4851a1d" relativeResultsDirectory="bec09688-40a4-45b6-b0c0-376347638681" />
    <UnitTestResult executionId="08a66a2d-5481-4fd9-b8b2-45df4d91dae6" testId="17ffb835-2b22-80c5-b0bb-6c7cade59688" testName="Recalculate_SignConvention_BvsS" computerName="reverse-code-generator-69bf4222-hpwqw" duration="00:00:00.0001770" startTime="2026-07-18T00:29:28.1220101+00:00" endTime="2026-07-18T00:29:28.1222255+00:00" testType="13cdc9d9-ddb5-4fa4-a97d-d965ccfc6d4b" outcome="Passed" testListId="8c84fa94-04c1-424b-9868-57a2d4851a1d" relativeResultsDirectory="08a66a2d-5481-4fd9-b8b2-45df4d91dae6" />
    <UnitTestResult executionId="5c7a5f5a-ae51-4d11-9cc6-829fcb278c75" testId="1ee95055-a28a-8c92-817c-b3d3dd3a3ed3" testName="Recalculate_DemoScenario" computerName="reverse-code-generator-69bf4222-hpwqw" duration="00:00:00.0003303" startTime="2026-07-18T00:29:28.1215731+00:00" endTime="2026-07-18T00:29:28.1219755+00:00" testType="13cdc9d9-ddb5-4fa4-a97d-d965ccfc6d4b" outcome="Passed" testListId="8c84fa94-04c1-424b-9868-57a2d4851a1d" relativeResultsDirectory="5c7a5f5a-ae51-4d11-9cc6-829fcb278c75" />
    <UnitTestResult executionId="290a6a1f-f141-4297-98b2-3ce597a29b0a" testId="113f2a77-de13-89ec-adaa-af31d44f07f9" testName="ApplyAsync_SequentialSameTrade_SingleApply_NoDoubleCount" computerName="reverse-code-generator-69bf4222-hpwqw" duration="00:00:00.0151288" startTime="2026-07-18T00:29:28.5324434+00:00" endTime="2026-07-18T00:29:28.5476346+00:00" testType="13cdc9d9-ddb5-4fa4-a97d-d965ccfc6d4b" outcome="Passed" testListId="8c84fa94-04c1-424b-9868-57a2d4851a1d" relativeResultsDirectory="290a6a1f-f141-4297-98b2-3ce597a29b0a" />
    <UnitTestResult executionId="73104c16-3ff3-4639-8137-ec3823b69d17" testId="1153cfcd-3d1e-8821-9ecb-8f9752f5b680" testName="Stage2_ConsolidatedLogic_OnSqlServerState_MatchesGolden" computerName="reverse-code-generator-69bf4222-hpwqw" duration="00:00:00.0256681" startTime="2026-07-18T00:29:28.9586755+00:00" endTime="2026-07-18T00:29:28.9844258+00:00" testType="13cdc9d9-ddb5-4fa4-a97d-d965ccfc6d4b" outcome="Passed" testListId="8c84fa94-04c1-424b-9868-57a2d4851a1d" relativeResultsDirectory="73104c16-3ff3-4639-8137-ec3823b69d17" />
    <UnitTestResult executionId="89a51657-0ac7-41be-bfde-9f999c6fb6bd" testId="1e47690f-e8d3-8de5-9039-e1656d40e6aa" testName="ApplyAsync_RollbackThenRetrySameTrade_RetryApplies" computerName="reverse-code-generator-69bf4222-hpwqw" duration="00:00:00.0148669" startTime="2026-07-18T00:29:28.5779716+00:00" endTime="2026-07-18T00:29:28.5928983+00:00" testType="13cdc9d9-ddb5-4fa4-a97d-d965ccfc6d4b" outcome="Passed" testListId="8c84fa94-04c1-424b-9868-57a2d4851a1d" relativeResultsDirectory="89a51657-0ac7-41be-bfde-9f999c6fb6bd" />
    <UnitTestResult executionId="15e95ceb-84c3-45bf-b1a5-b0da2c6ceb76" testId="11899143-1336-85b8-b7af-428123188bbc" testName="ApplyAsync_ConcurrentSameTrade_AppliedExactlyOnce" computerName="reverse-code-generator-69bf4222-hpwqw" duration="00:00:00.0144292" startTime="2026-07-18T00:29:28.5929343+00:00" endTime="2026-07-18T00:29:28.6074214+00:00" testType="13cdc9d9-ddb5-4fa4-a97d-d965ccfc6d4b" outcome="Passed" testListId="8c84fa94-04c1-424b-9868-57a2d4851a1d" relativeResultsDirectory="15e95ceb-84c3-45bf-b1a5-b0da2c6ceb76" />
    <UnitTestResult executionId="e892b903-d614-4ef8-b544-f14bd251ab9e" testId="18043ec1-6473-8699-9474-ac8cf20b4035" testName="Gateway_RecordTrade_PersistsTradeRowAndUpdatesPositionOnce" computerName="reverse-code-generator-69bf4222-hpwqw" duration="00:00:00.0266772" startTime="2026-07-18T00:29:28.4598956+00:00" endTime="2026-07-18T00:29:28.4866671+00:00" testType="13cdc9d9-ddb5-4fa4-a97d-d965ccfc6d4b" outcome="Passed" testListId="8c84fa94-04c1-424b-9868-57a2d4851a1d" relativeResultsDirectory="e892b903-d614-4ef8-b544-f14bd251ab9e" />
    <UnitTestResult executionId="fcb9eff2-1ef8-4a32-9ae3-ea370de2087b" testId="1a0f1f00-646f-8e29-a386-da66de7743ab" testName="Recalculate_NonPositiveQuantity_ThrowsArgumentOutOfRange" computerName="reverse-code-generator-69bf4222-hpwqw" duration="00:00:00.0007174" startTime="2026-07-18T00:29:28.1240265+00:00" endTime="2026-07-18T00:29:28.1247853+00:00" testType="13cdc9d9-ddb5-4fa4-a97d-d965ccfc6d4b" outcome="Passed" testListId="8c84fa94-04c1-424b-9868-57a2d4851a1d" relativeResultsDirectory="fcb9eff2-1ef8-4a32-9ae3-ea370de2087b" />
    <UnitTestResult executionId="9823687f-1030-4eb7-bf25-d3815a466ae8" testId="1b944b5d-2cb1-8c4f-8ab7-4128cf931f09" testName="Recalculate_InvalidSide_ThrowsArgumentException" computerName="reverse-code-generator-69bf4222-hpwqw" duration="00:00:00.0012925" startTime="2026-07-18T00:29:28.1226664+00:00" endTime="2026-07-18T00:29:28.1240035+00:00" testType="13cdc9d9-ddb5-4fa4-a97d-d965ccfc6d4b" outcome="Passed" testListId="8c84fa94-04c1-424b-9868-57a2d4851a1d" relativeResultsDirectory="9823687f-1030-4eb7-bf25-d3815a466ae8" />
  </Results>
  <TestDefinitions>
    <UnitTest name="ServiceTransaction_TradeInsertRolledBackWhenApplyThrows" storage="/tmp/blitzy/stocksharp-storedprocedures/blitzy-390f5b52-a9a3-4610-9322-1e65e0fd4d60_f38f36/tests/bin/release/net10.0/stocksharp.tests.dll" id="17e53132-54ab-8469-9109-aaed6ceb4ad0">
      <Execution id="1bb28e78-eefd-4742-b173-a53230dbf917" />
      <TestMethod codeBase="/tmp/blitzy/stocksharp-storedprocedures/blitzy-390f5b52-a9a3-4610-9322-1e65e0fd4d60_f38f36/Tests/bin/Release/net10.0/StockSharp.Tests.dll" adapterTypeName="executor://mstestadapter/v4" className="StockSharp.Tests.PositionRecalculationTests" name="ServiceTransaction_TradeInsertRolledBackWhenApplyThrows" />
    </UnitTest>
    <UnitTest name="Stage3_PostgreSqlEngineParity_AllCasesViaApplyAsync" storage="/tmp/blitzy/stocksharp-storedprocedures/blitzy-390f5b52-a9a3-4610-9322-1e65e0fd4d60_f38f36/tests/bin/release/net10.0/stocksharp.tests.dll" id="18f217ed-242b-88cd-89e2-eaf9afc65015">
      <Execution id="854f6378-5aa4-4499-b43f-8fef38ece81a" />
      <TestMethod codeBase="/tmp/blitzy/stocksharp-storedprocedures/blitzy-390f5b52-a9a3-4610-9322-1e65e0fd4d60_f38f36/Tests/bin/Release/net10.0/StockSharp.Tests.dll" adapterTypeName="executor://mstestadapter/v4" className="StockSharp.Tests.PositionRecalculationTests" name="Stage3_PostgreSqlEngineParity_AllCasesViaApplyAsync" />
    </UnitTest>
    <UnitTest name="Recalculate_SignConvention_BvsS" storage="/tmp/blitzy/stocksharp-storedprocedures/blitzy-390f5b52-a9a3-4610-9322-1e65e0fd4d60_f38f36/tests/bin/release/net10.0/stocksharp.tests.dll" id="17ffb835-2b22-80c5-b0bb-6c7cade59688">
      <Execution id="08a66a2d-5481-4fd9-b8b2-45df4d91dae6" />
      <TestMethod codeBase="/tmp/blitzy/stocksharp-storedprocedures/blitzy-390f5b52-a9a3-4610-9322-1e65e0fd4d60_f38f36/Tests/bin/Release/net10.0/StockSharp.Tests.dll" adapterTypeName="executor://mstestadapter/v4" className="StockSharp.Tests.PositionRecalculationTests" name="Recalculate_SignConvention_BvsS" />
    </UnitTest>
    <UnitTest name="Gateway_RecordTrade_NonexistentOrder_LeavesNoPartialState" storage="/tmp/blitzy/stocksharp-storedprocedures/blitzy-390f5b52-a9a3-4610-9322-1e65e0fd4d60_f38f36/tests/bin/release/net10.0/stocksharp.tests.dll" id="1d9cf96b-9418-8c9e-854a-43b98556eca5">
      <Execution id="de2f4feb-8df1-4e72-b72c-fa5efdd0dbe3" />
      <TestMethod codeBase="/tmp/blitzy/stocksharp-storedprocedures/blitzy-390f5b52-a9a3-4610-9322-1e65e0fd4d60_f38f36/Tests/bin/Release/net10.0/StockSharp.Tests.dll" adapterTypeName="executor://mstestadapter/v4" className="StockSharp.Tests.PositionRecalculationTests" name="Gateway_RecordTrade_NonexistentOrder_LeavesNoPartialState" />
    </UnitTest>
    <UnitTest name="Stage4_StagedOrdering_AttributionMatrix" storage="/tmp/blitzy/stocksharp-storedprocedures/blitzy-390f5b52-a9a3-4610-9322-1e65e0fd4d60_f38f36/tests/bin/release/net10.0/stocksharp.tests.dll" id="1a2699cf-08e2-8fee-b635-2a6cb6d3336e">
      <Execution id="83a65e76-14ec-40c1-9868-19b4cf209294" />
      <TestMethod codeBase="/tmp/blitzy/stocksharp-storedprocedures/blitzy-390f5b52-a9a3-4610-9322-1e65e0fd4d60_f38f36/Tests/bin/Release/net10.0/StockSharp.Tests.dll" adapterTypeName="executor://mstestadapter/v4" className="StockSharp.Tests.PositionRecalculationTests" name="Stage4_StagedOrdering_AttributionMatrix" />
    </UnitTest>
    <UnitTest name="RecordTrade_SubFourDecimalQtyPrice_PositionMatchesPersistedValues" storage="/tmp/blitzy/stocksharp-storedprocedures/blitzy-390f5b52-a9a3-4610-9322-1e65e0fd4d60_f38f36/tests/bin/release/net10.0/stocksharp.tests.dll" id="1cd09893-d6f2-87bb-b52c-dae16afbadfe">
      <Execution id="bec09688-40a4-45b6-b0c0-376347638681" />
      <TestMethod codeBase="/tmp/blitzy/stocksharp-storedprocedures/blitzy-390f5b52-a9a3-4610-9322-1e65e0fd4d60_f38f36/Tests/bin/Release/net10.0/StockSharp.Tests.dll" adapterTypeName="executor://mstestadapter/v4" className="StockSharp.Tests.PositionRecalculationTests" name="RecordTrade_SubFourDecimalQtyPrice_PositionMatchesPersistedValues" />
    </UnitTest>
    <UnitTest name="Recalculate_DemoScenario" storage="/tmp/blitzy/stocksharp-storedprocedures/blitzy-390f5b52-a9a3-4610-9322-1e65e0fd4d60_f38f36/tests/bin/release/net10.0/stocksharp.tests.dll" id="1ee95055-a28a-8c92-817c-b3d3dd3a3ed3">
      <Execution id="5c7a5f5a-ae51-4d11-9cc6-829fcb278c75" />
      <TestMethod codeBase="/tmp/blitzy/stocksharp-storedprocedures/blitzy-390f5b52-a9a3-4610-9322-1e65e0fd4d60_f38f36/Tests/bin/Release/net10.0/StockSharp.Tests.dll" adapterTypeName="executor://mstestadapter/v4" className="StockSharp.Tests.PositionRecalculationTests" name="Recalculate_DemoScenario" />
    </UnitTest>
    <UnitTest name="Recalculate_DoesNotProduceUnrealizedPnl" storage="/tmp/blitzy/stocksharp-storedprocedures/blitzy-390f5b52-a9a3-4610-9322-1e65e0fd4d60_f38f36/tests/bin/release/net10.0/stocksharp.tests.dll" id="1bc9eda0-2451-86a5-8c9e-3b4cc8bae45c">
      <Execution id="943db01a-604d-4b3a-9e7b-839c5fcc83c7" />
      <TestMethod codeBase="/tmp/blitzy/stocksharp-storedprocedures/blitzy-390f5b52-a9a3-4610-9322-1e65e0fd4d60_f38f36/Tests/bin/Release/net10.0/StockSharp.Tests.dll" adapterTypeName="executor://mstestadapter/v4" className="StockSharp.Tests.PositionRecalculationTests" name="Recalculate_DoesNotProduceUnrealizedPnl" />
    </UnitTest>
    <UnitTest name="PureLogic_AverageCostInvariants" storage="/tmp/blitzy/stocksharp-storedprocedures/blitzy-390f5b52-a9a3-4610-9322-1e65e0fd4d60_f38f36/tests/bin/release/net10.0/stocksharp.tests.dll" id="1e164475-118b-8f64-be71-680f6e4a8421">
      <Execution id="f0399ac9-0485-4c83-8437-8652702bf3dc" />
      <TestMethod codeBase="/tmp/blitzy/stocksharp-storedprocedures/blitzy-390f5b52-a9a3-4610-9322-1e65e0fd4d60_f38f36/Tests/bin/Release/net10.0/StockSharp.Tests.dll" adapterTypeName="executor://mstestadapter/v4" className="StockSharp.Tests.PositionRecalculationTests" name="PureLogic_AverageCostInvariants" />
    </UnitTest>
    <UnitTest name="CaseTable_CoversAllBranches" storage="/tmp/blitzy/stocksharp-storedprocedures/blitzy-390f5b52-a9a3-4610-9322-1e65e0fd4d60_f38f36/tests/bin/release/net10.0/stocksharp.tests.dll" id="1d26e298-1bd8-81dc-b618-a76e8f2fe155">
      <Execution id="61fae494-f91f-472d-8baf-13b23dcb31ab" />
      <TestMethod codeBase="/tmp/blitzy/stocksharp-storedprocedures/blitzy-390f5b52-a9a3-4610-9322-1e65e0fd4d60_f38f36/Tests/bin/Release/net10.0/StockSharp.Tests.dll" adapterTypeName="executor://mstestadapter/v4" className="StockSharp.Tests.PositionRecalculationTests" name="CaseTable_CoversAllBranches" />
    </UnitTest>
    <UnitTest name="Stage1_OriginalSqlServerProcedure_GoldenBaseline" storage="/tmp/blitzy/stocksharp-storedprocedures/blitzy-390f5b52-a9a3-4610-9322-1e65e0fd4d60_f38f36/tests/bin/release/net10.0/stocksharp.tests.dll" id="1d6bba10-b19f-8c7e-8364-075aca67b902">
      <Execution id="ec73d753-624c-44c8-8ed8-fde67976dcaf" />
      <TestMethod codeBase="/tmp/blitzy/stocksharp-storedprocedures/blitzy-390f5b52-a9a3-4610-9322-1e65e0fd4d60_f38f36/Tests/bin/Release/net10.0/StockSharp.Tests.dll" adapterTypeName="executor://mstestadapter/v4" className="StockSharp.Tests.PositionRecalculationTests" name="Stage1_OriginalSqlServerProcedure_GoldenBaseline" />
    </UnitTest>
    <UnitTest name="Gateway_ConcurrentDifferentTrades_Accumulate" storage="/tmp/blitzy/stocksharp-storedprocedures/blitzy-390f5b52-a9a3-4610-9322-1e65e0fd4d60_f38f36/tests/bin/release/net10.0/stocksharp.tests.dll" id="1fcb5727-0899-805a-a8af-dbd279cce9bd">
      <Execution id="194bdfd3-1060-4a23-8043-5c9b3b83ac26" />
      <TestMethod codeBase="/tmp/blitzy/stocksharp-storedprocedures/blitzy-390f5b52-a9a3-4610-9322-1e65e0fd4d60_f38f36/Tests/bin/Release/net10.0/StockSharp.Tests.dll" adapterTypeName="executor://mstestadapter/v4" className="StockSharp.Tests.PositionRecalculationTests" name="Gateway_ConcurrentDifferentTrades_Accumulate" />
    </UnitTest>
    <UnitTest name="PureLogic_RecalculateMatchesGoldenConstants" storage="/tmp/blitzy/stocksharp-storedprocedures/blitzy-390f5b52-a9a3-4610-9322-1e65e0fd4d60_f38f36/tests/bin/release/net10.0/stocksharp.tests.dll" id="164c3e4e-45f4-809f-858e-89486b0d308a">
      <Execution id="99689330-e0fb-49ee-ba66-2cacdf039e42" />
      <TestMethod codeBase="/tmp/blitzy/stocksharp-storedprocedures/blitzy-390f5b52-a9a3-4610-9322-1e65e0fd4d60_f38f36/Tests/bin/Release/net10.0/StockSharp.Tests.dll" adapterTypeName="executor://mstestadapter/v4" className="StockSharp.Tests.PositionRecalculationTests" name="PureLogic_RecalculateMatchesGoldenConstants" />
    </UnitTest>
    <UnitTest name="Recalculate_InvalidSide_ThrowsArgumentException" storage="/tmp/blitzy/stocksharp-storedprocedures/blitzy-390f5b52-a9a3-4610-9322-1e65e0fd4d60_f38f36/tests/bin/release/net10.0/stocksharp.tests.dll" id="1b944b5d-2cb1-8c4f-8ab7-4128cf931f09">
      <Execution id="9823687f-1030-4eb7-bf25-d3815a466ae8" />
      <TestMethod codeBase="/tmp/blitzy/stocksharp-storedprocedures/blitzy-390f5b52-a9a3-4610-9322-1e65e0fd4d60_f38f36/Tests/bin/Release/net10.0/StockSharp.Tests.dll" adapterTypeName="executor://mstestadapter/v4" className="StockSharp.Tests.PositionRecalculationTests" name="Recalculate_InvalidSide_ThrowsArgumentException" />
    </UnitTest>
    <UnitTest name="ApplyAsync_CrossInstanceDuplicateSamePersistedTrade_IsDurableNoOp" storage="/tmp/blitzy/stocksharp-storedprocedures/blitzy-390f5b52-a9a3-4610-9322-1e65e0fd4d60_f38f36/tests/bin/release/net10.0/stocksharp.tests.dll" id="15baeaef-fe43-8940-a648-5f80716e3b88">
      <Execution id="a516d17a-3726-4eb2-8d14-0bcb8e7b3ed2" />
      <TestMethod codeBase="/tmp/blitzy/stocksharp-storedprocedures/blitzy-390f5b52-a9a3-4610-9322-1e65e0fd4d60_f38f36/Tests/bin/Release/net10.0/StockSharp.Tests.dll" adapterTypeName="executor://mstestadapter/v4" className="StockSharp.Tests.PositionRecalculationTests" name="ApplyAsync_CrossInstanceDuplicateSamePersistedTrade_IsDurableNoOp" />
    </UnitTest>
    <UnitTest name="Gateway_RecordTrade_PersistsTradeRowAndUpdatesPositionOnce" storage="/tmp/blitzy/stocksharp-storedprocedures/blitzy-390f5b52-a9a3-4610-9322-1e65e0fd4d60_f38f36/tests/bin/release/net10.0/stocksharp.tests.dll" id="18043ec1-6473-8699-9474-ac8cf20b4035">
      <Execution id="e892b903-d614-4ef8-b544-f14bd251ab9e" />
      <TestMethod codeBase="/tmp/blitzy/stocksharp-storedprocedures/blitzy-390f5b52-a9a3-4610-9322-1e65e0fd4d60_f38f36/Tests/bin/Release/net10.0/StockSharp.Tests.dll" adapterTypeName="executor://mstestadapter/v4" className="StockSharp.Tests.PositionRecalculationTests" name="Gateway_RecordTrade_PersistsTradeRowAndUpdatesPositionOnce" />
    </UnitTest>
    <UnitTest name="ApplyAsync_ConcurrentSameTrade_AppliedExactlyOnce" storage="/tmp/blitzy/stocksharp-storedprocedures/blitzy-390f5b52-a9a3-4610-9322-1e65e0fd4d60_f38f36/tests/bin/release/net10.0/stocksharp.tests.dll" id="11899143-1336-85b8-b7af-428123188bbc">
      <Execution id="15e95ceb-84c3-45bf-b1a5-b0da2c6ceb76" />
      <TestMethod codeBase="/tmp/blitzy/stocksharp-storedprocedures/blitzy-390f5b52-a9a3-4610-9322-1e65e0fd4d60_f38f36/Tests/bin/Release/net10.0/StockSharp.Tests.dll" adapterTypeName="executor://mstestadapter/v4" className="StockSharp.Tests.PositionRecalculationTests" name="ApplyAsync_ConcurrentSameTrade_AppliedExactlyOnce" />
    </UnitTest>
    <UnitTest name="ApplyAsync_RollbackThenRetrySameTrade_RetryApplies" storage="/tmp/blitzy/stocksharp-storedprocedures/blitzy-390f5b52-a9a3-4610-9322-1e65e0fd4d60_f38f36/tests/bin/release/net10.0/stocksharp.tests.dll" id="1e47690f-e8d3-8de5-9039-e1656d40e6aa">
      <Execution id="89a51657-0ac7-41be-bfde-9f999c6fb6bd" />
      <TestMethod codeBase="/tmp/blitzy/stocksharp-storedprocedures/blitzy-390f5b52-a9a3-4610-9322-1e65e0fd4d60_f38f36/Tests/bin/Release/net10.0/StockSharp.Tests.dll" adapterTypeName="executor://mstestadapter/v4" className="StockSharp.Tests.PositionRecalculationTests" name="ApplyAsync_RollbackThenRetrySameTrade_RetryApplies" />
    </UnitTest>
    <UnitTest name="ApplyAsync_LeavesUnrealizedPnlUntouched" storage="/tmp/blitzy/stocksharp-storedprocedures/blitzy-390f5b52-a9a3-4610-9322-1e65e0fd4d60_f38f36/tests/bin/release/net10.0/stocksharp.tests.dll" id="1ac1215c-0157-871f-a800-84fd9cd8d2ed">
      <Execution id="c051f3e8-3904-4939-93a5-ab5fd5df9b6c" />
      <TestMethod codeBase="/tmp/blitzy/stocksharp-storedprocedures/blitzy-390f5b52-a9a3-4610-9322-1e65e0fd4d60_f38f36/Tests/bin/Release/net10.0/StockSharp.Tests.dll" adapterTypeName="executor://mstestadapter/v4" className="StockSharp.Tests.PositionRecalculationTests" name="ApplyAsync_LeavesUnrealizedPnlUntouched" />
    </UnitTest>
    <UnitTest name="Recalculate_NonPositiveQuantity_ThrowsArgumentOutOfRange" storage="/tmp/blitzy/stocksharp-storedprocedures/blitzy-390f5b52-a9a3-4610-9322-1e65e0fd4d60_f38f36/tests/bin/release/net10.0/stocksharp.tests.dll" id="1a0f1f00-646f-8e29-a386-da66de7743ab">
      <Execution id="fcb9eff2-1ef8-4a32-9ae3-ea370de2087b" />
      <TestMethod codeBase="/tmp/blitzy/stocksharp-storedprocedures/blitzy-390f5b52-a9a3-4610-9322-1e65e0fd4d60_f38f36/Tests/bin/Release/net10.0/StockSharp.Tests.dll" adapterTypeName="executor://mstestadapter/v4" className="StockSharp.Tests.PositionRecalculationTests" name="Recalculate_NonPositiveQuantity_ThrowsArgumentOutOfRange" />
    </UnitTest>
    <UnitTest name="Stage2_ConsolidatedLogic_OnSqlServerState_MatchesGolden" storage="/tmp/blitzy/stocksharp-storedprocedures/blitzy-390f5b52-a9a3-4610-9322-1e65e0fd4d60_f38f36/tests/bin/release/net10.0/stocksharp.tests.dll" id="1153cfcd-3d1e-8821-9ecb-8f9752f5b680">
      <Execution id="73104c16-3ff3-4639-8137-ec3823b69d17" />
      <TestMethod codeBase="/tmp/blitzy/stocksharp-storedprocedures/blitzy-390f5b52-a9a3-4610-9322-1e65e0fd4d60_f38f36/Tests/bin/Release/net10.0/StockSharp.Tests.dll" adapterTypeName="executor://mstestadapter/v4" className="StockSharp.Tests.PositionRecalculationTests" name="Stage2_ConsolidatedLogic_OnSqlServerState_MatchesGolden" />
    </UnitTest>
    <UnitTest name="ApplyAsync_SequentialSameTrade_SingleApply_NoDoubleCount" storage="/tmp/blitzy/stocksharp-storedprocedures/blitzy-390f5b52-a9a3-4610-9322-1e65e0fd4d60_f38f36/tests/bin/release/net10.0/stocksharp.tests.dll" id="113f2a77-de13-89ec-adaa-af31d44f07f9">
      <Execution id="290a6a1f-f141-4297-98b2-3ce597a29b0a" />
      <TestMethod codeBase="/tmp/blitzy/stocksharp-storedprocedures/blitzy-390f5b52-a9a3-4610-9322-1e65e0fd4d60_f38f36/Tests/bin/Release/net10.0/StockSharp.Tests.dll" adapterTypeName="executor://mstestadapter/v4" className="StockSharp.Tests.PositionRecalculationTests" name="ApplyAsync_SequentialSameTrade_SingleApply_NoDoubleCount" />
    </UnitTest>
    <UnitTest name="Recalculate_NonPositivePrice_ThrowsArgumentOutOfRange" storage="/tmp/blitzy/stocksharp-storedprocedures/blitzy-390f5b52-a9a3-4610-9322-1e65e0fd4d60_f38f36/tests/bin/release/net10.0/stocksharp.tests.dll" id="1788fced-9b76-8635-9330-d5a655e54b43">
      <Execution id="325d6f90-72ba-4ef0-ba54-76acbb16f9b6" />
      <TestMethod codeBase="/tmp/blitzy/stocksharp-storedprocedures/blitzy-390f5b52-a9a3-4610-9322-1e65e0fd4d60_f38f36/Tests/bin/Release/net10.0/StockSharp.Tests.dll" adapterTypeName="executor://mstestadapter/v4" className="StockSharp.Tests.PositionRecalculationTests" name="Recalculate_NonPositivePrice_ThrowsArgumentOutOfRange" />
    </UnitTest>
  </TestDefinitions>
  <TestEntries>
    <TestEntry testId="1ac1215c-0157-871f-a800-84fd9cd8d2ed" executionId="c051f3e8-3904-4939-93a5-ab5fd5df9b6c" testListId="8c84fa94-04c1-424b-9868-57a2d4851a1d" />
    <TestEntry testId="1bc9eda0-2451-86a5-8c9e-3b4cc8bae45c" executionId="943db01a-604d-4b3a-9e7b-839c5fcc83c7" testListId="8c84fa94-04c1-424b-9868-57a2d4851a1d" />
    <TestEntry testId="1a2699cf-08e2-8fee-b635-2a6cb6d3336e" executionId="83a65e76-14ec-40c1-9868-19b4cf209294" testListId="8c84fa94-04c1-424b-9868-57a2d4851a1d" />
    <TestEntry testId="15baeaef-fe43-8940-a648-5f80716e3b88" executionId="a516d17a-3726-4eb2-8d14-0bcb8e7b3ed2" testListId="8c84fa94-04c1-424b-9868-57a2d4851a1d" />
    <TestEntry testId="1fcb5727-0899-805a-a8af-dbd279cce9bd" executionId="194bdfd3-1060-4a23-8043-5c9b3b83ac26" testListId="8c84fa94-04c1-424b-9868-57a2d4851a1d" />
    <TestEntry testId="18f217ed-242b-88cd-89e2-eaf9afc65015" executionId="854f6378-5aa4-4499-b43f-8fef38ece81a" testListId="8c84fa94-04c1-424b-9868-57a2d4851a1d" />
    <TestEntry testId="1788fced-9b76-8635-9330-d5a655e54b43" executionId="325d6f90-72ba-4ef0-ba54-76acbb16f9b6" testListId="8c84fa94-04c1-424b-9868-57a2d4851a1d" />
    <TestEntry testId="1e164475-118b-8f64-be71-680f6e4a8421" executionId="f0399ac9-0485-4c83-8437-8652702bf3dc" testListId="8c84fa94-04c1-424b-9868-57a2d4851a1d" />
    <TestEntry testId="164c3e4e-45f4-809f-858e-89486b0d308a" executionId="99689330-e0fb-49ee-ba66-2cacdf039e42" testListId="8c84fa94-04c1-424b-9868-57a2d4851a1d" />
    <TestEntry testId="1d6bba10-b19f-8c7e-8364-075aca67b902" executionId="ec73d753-624c-44c8-8ed8-fde67976dcaf" testListId="8c84fa94-04c1-424b-9868-57a2d4851a1d" />
    <TestEntry testId="17e53132-54ab-8469-9109-aaed6ceb4ad0" executionId="1bb28e78-eefd-4742-b173-a53230dbf917" testListId="8c84fa94-04c1-424b-9868-57a2d4851a1d" />
    <TestEntry testId="1d26e298-1bd8-81dc-b618-a76e8f2fe155" executionId="61fae494-f91f-472d-8baf-13b23dcb31ab" testListId="8c84fa94-04c1-424b-9868-57a2d4851a1d" />
    <TestEntry testId="1d9cf96b-9418-8c9e-854a-43b98556eca5" executionId="de2f4feb-8df1-4e72-b72c-fa5efdd0dbe3" testListId="8c84fa94-04c1-424b-9868-57a2d4851a1d" />
    <TestEntry testId="1cd09893-d6f2-87bb-b52c-dae16afbadfe" executionId="bec09688-40a4-45b6-b0c0-376347638681" testListId="8c84fa94-04c1-424b-9868-57a2d4851a1d" />
    <TestEntry testId="17ffb835-2b22-80c5-b0bb-6c7cade59688" executionId="08a66a2d-5481-4fd9-b8b2-45df4d91dae6" testListId="8c84fa94-04c1-424b-9868-57a2d4851a1d" />
    <TestEntry testId="1ee95055-a28a-8c92-817c-b3d3dd3a3ed3" executionId="5c7a5f5a-ae51-4d11-9cc6-829fcb278c75" testListId="8c84fa94-04c1-424b-9868-57a2d4851a1d" />
    <TestEntry testId="113f2a77-de13-89ec-adaa-af31d44f07f9" executionId="290a6a1f-f141-4297-98b2-3ce597a29b0a" testListId="8c84fa94-04c1-424b-9868-57a2d4851a1d" />
    <TestEntry testId="1153cfcd-3d1e-8821-9ecb-8f9752f5b680" executionId="73104c16-3ff3-4639-8137-ec3823b69d17" testListId="8c84fa94-04c1-424b-9868-57a2d4851a1d" />
    <TestEntry testId="1e47690f-e8d3-8de5-9039-e1656d40e6aa" executionId="89a51657-0ac7-41be-bfde-9f999c6fb6bd" testListId="8c84fa94-04c1-424b-9868-57a2d4851a1d" />
    <TestEntry testId="11899143-1336-85b8-b7af-428123188bbc" executionId="15e95ceb-84c3-45bf-b1a5-b0da2c6ceb76" testListId="8c84fa94-04c1-424b-9868-57a2d4851a1d" />
    <TestEntry testId="18043ec1-6473-8699-9474-ac8cf20b4035" executionId="e892b903-d614-4ef8-b544-f14bd251ab9e" testListId="8c84fa94-04c1-424b-9868-57a2d4851a1d" />
    <TestEntry testId="1a0f1f00-646f-8e29-a386-da66de7743ab" executionId="fcb9eff2-1ef8-4a32-9ae3-ea370de2087b" testListId="8c84fa94-04c1-424b-9868-57a2d4851a1d" />
    <TestEntry testId="1b944b5d-2cb1-8c4f-8ab7-4128cf931f09" executionId="9823687f-1030-4eb7-bf25-d3815a466ae8" testListId="8c84fa94-04c1-424b-9868-57a2d4851a1d" />
  </TestEntries>
  <TestLists>
    <TestList name="Results Not in a List" id="8c84fa94-04c1-424b-9868-57a2d4851a1d" />
    <TestList name="All Loaded Results" id="19431567-8539-422a-85d7-44ee4e166bda" />
  </TestLists>
  <ResultSummary outcome="Completed">
    <Counters total="23" executed="23" passed="23" failed="0" error="0" timeout="0" aborted="0" inconclusive="0" passedButRunAborted="0" notRunnable="0" notExecuted="0" disconnected="0" warning="0" completed="0" inProgress="0" pending="0" />
    <Output>
      <StdOut>Test Parallelization enabled for /tmp/blitzy/stocksharp-storedprocedures/blitzy-390f5b52-a9a3-4610-9322-1e65e0fd4d60_f38f36/Tests/bin/Release/net10.0/StockSharp.Tests.dll (Workers: 4, Scope: MethodLevel)
</StdOut>
    </Output>
  </ResultSummary>
</TestRun>