<?xml version="1.0" encoding="utf-8"?>
<TestRun id="05fd5ef8-9186-4c1d-8cec-58bdb0e11571" name="@reverse-code-generator-69bf4222-hpwqw 2026-07-18 00:29:09" xmlns="http://microsoft.com/schemas/VisualStudio/TeamTest/2010">
  <Times creation="2026-07-18T00:29:09.4790960+00:00" queuing="2026-07-18T00:29:09.4790961+00:00" start="2026-07-18T00:29:07.4656951+00:00" finish="2026-07-18T00:29:10.6358656+00:00" />
  <TestSettings name="default" id="a69886f2-91f3-4128-9709-df9a36e7c7aa">
    <Deployment runDeploymentRoot="_reverse-code-generator-69bf4222-hpwqw_2026-07-18_00_29_09" />
  </TestSettings>
  <Results>
    <UnitTestResult executionId="3fccf0ee-3fd1-4f16-8558-6aa679917eac" testId="1ed9f898-4cdd-89e6-a86c-c3c7f0304e9f" testName="Check5_HypotheticalPositionSize" computerName="reverse-code-generator-69bf4222-hpwqw" duration="00:00:00.0004596" startTime="2026-07-18T00:29:09.4683904+00:00" endTime="2026-07-18T00:29:09.4689005+00:00" testType="13cdc9d9-ddb5-4fa4-a97d-d965ccfc6d4b" outcome="Passed" testListId="8c84fa94-04c1-424b-9868-57a2d4851a1d" relativeResultsDirectory="3fccf0ee-3fd1-4f16-8558-6aa679917eac" />
    <UnitTestResult executionId="aaed707f-3f93-478e-87bd-efe5e3b5ee1f" testId="168f76dd-068e-8d1d-8a76-3bd74401514a" testName="CountWithinWindow_NullTimes_Throws" computerName="reverse-code-generator-69bf4222-hpwqw" duration="00:00:00.0011412" startTime="2026-07-18T00:29:09.4648002+00:00" endTime="2026-07-18T00:29:09.4660087+00:00" testType="13cdc9d9-ddb5-4fa4-a97d-d965ccfc6d4b" outcome="Passed" testListId="8c84fa94-04c1-424b-9868-57a2d4851a1d" relativeResultsDirectory="aaed707f-3f93-478e-87bd-efe5e3b5ee1f" />
    <UnitTestResult executionId="fd2dae2a-42bd-4dbb-b7ba-4a5d0991e198" testId="19081135-02df-8fc4-a6ca-63f6d6f33345" testName="MostSpecific_NonMatching_Excluded" computerName="reverse-code-generator-69bf4222-hpwqw" duration="00:00:00.0001692" startTime="2026-07-18T00:29:09.4744522+00:00" endTime="2026-07-18T00:29:09.4746569+00:00" testType="13cdc9d9-ddb5-4fa4-a97d-d965ccfc6d4b" outcome="Passed" testListId="8c84fa94-04c1-424b-9868-57a2d4851a1d" relativeResultsDirectory="fd2dae2a-42bd-4dbb-b7ba-4a5d0991e198" />
    <UnitTestResult executionId="39d76021-278f-4830-b688-76e21de6776e" testId="1cffced0-0900-8a74-9985-85c36c3f0865" testName="CountWithinWindow_InclusiveLowerBound" computerName="reverse-code-generator-69bf4222-hpwqw" duration="00:00:00.0015672" startTime="2026-07-18T00:29:09.4578818+00:00" endTime="2026-07-18T00:29:09.4594845+00:00" testType="13cdc9d9-ddb5-4fa4-a97d-d965ccfc6d4b" outcome="Passed" testListId="8c84fa94-04c1-424b-9868-57a2d4851a1d" relativeResultsDirectory="39d76021-278f-4830-b688-76e21de6776e" />
    <UnitTestResult executionId="2c4c5891-ec81-42bd-8504-3825dd2d128c" testId="1dc3a77d-f009-8d2b-be57-6a9a9c8ba793" testName="Step4_StagedOrdering_AttributionMatrix" computerName="reverse-code-generator-69bf4222-hpwqw" duration="00:00:00.1453002" startTime="2026-07-18T00:29:10.4029081+00:00" endTime="2026-07-18T00:29:10.5482792+00:00" testType="13cdc9d9-ddb5-4fa4-a97d-d965ccfc6d4b" outcome="Passed" testListId="8c84fa94-04c1-424b-9868-57a2d4851a1d" relativeResultsDirectory="2c4c5891-ec81-42bd-8504-3825dd2d128c" />
    <UnitTestResult executionId="ccba70ad-e7e5-4b11-8372-e313ad97cbfb" testId="1f02eb67-ca15-868e-9cea-4834ea051f96" testName="ValidateAsync_NullAndZeroLimit_TreatedAsUnlimited_PerCheck" computerName="reverse-code-generator-69bf4222-hpwqw" duration="00:00:00.0714493" startTime="2026-07-18T00:29:09.8519665+00:00" endTime="2026-07-18T00:29:09.9234844+00:00" testType="13cdc9d9-ddb5-4fa4-a97d-d965ccfc6d4b" outcome="Passed" testListId="8c84fa94-04c1-424b-9868-57a2d4851a1d" relativeResultsDirectory="ccba70ad-e7e5-4b11-8372-e313ad97cbfb" />
    <UnitTestResult executionId="904ff03d-aff4-4130-a3bf-237a09d43258" testId="1bc48bb5-2f46-84f9-a4ff-5516525bfc8b" testName="ValidateAsync_DailyVolume_ExcludesPriorUtcDay_AtDayRollover" computerName="reverse-code-generator-69bf4222-hpwqw" duration="00:00:00.0127436" startTime="2026-07-18T00:29:09.8098863+00:00" endTime="2026-07-18T00:29:09.8227377+00:00" testType="13cdc9d9-ddb5-4fa4-a97d-d965ccfc6d4b" outcome="Passed" testListId="8c84fa94-04c1-424b-9868-57a2d4851a1d" relativeResultsDirectory="904ff03d-aff4-4130-a3bf-237a09d43258" />
    <UnitTestResult executionId="45e29b5d-c1b1-45d1-82c7-a5a326a50b0d" testId="17e1d50f-6b5d-8d17-a557-5404be9f10bf" testName="ValidateAsync_PriceCeilingBreached_Rejected" computerName="reverse-code-generator-69bf4222-hpwqw" duration="00:00:00.0060857" startTime="2026-07-18T00:29:09.6807271+00:00" endTime="2026-07-18T00:29:09.6869059+00:00" testType="13cdc9d9-ddb5-4fa4-a97d-d965ccfc6d4b" outcome="Passed" testListId="8c84fa94-04c1-424b-9868-57a2d4851a1d" relativeResultsDirectory="45e29b5d-c1b1-45d1-82c7-a5a326a50b0d" />
    <UnitTestResult executionId="f5899b31-f3e4-4b90-b978-ec4f0c63660e" testId="1a1abc8a-f25a-8e2e-9fce-bf00a1c308e8" testName="MeetsOrExceeds_EqualsLimit_True" computerName="reverse-code-generator-69bf4222-hpwqw" duration="00:00:00.0006339" startTime="2026-07-18T00:29:09.4554888+00:00" endTime="2026-07-18T00:29:09.4565442+00:00" testType="13cdc9d9-ddb5-4fa4-a97d-d965ccfc6d4b" outcome="Passed" testListId="8c84fa94-04c1-424b-9868-57a2d4851a1d" relativeResultsDirectory="f5899b31-f3e4-4b90-b978-ec4f0c63660e" />
    <UnitTestResult executionId="8f0f0ce4-fee7-45eb-8e4f-0bd5722eaf7b" testId="19bfade9-8aab-82f2-855e-0e879909c622" testName="Step2_ConsolidatedGate_OnSqlServerState_MatchesGolden" computerName="reverse-code-generator-69bf4222-hpwqw" duration="00:00:00.0649064" startTime="2026-07-18T00:29:10.2806746+00:00" endTime="2026-07-18T00:29:10.3456737+00:00" testType="13cdc9d9-ddb5-4fa4-a97d-d965ccfc6d4b" outcome="Passed" testListId="8c84fa94-04c1-424b-9868-57a2d4851a1d" relativeResultsDirectory="8f0f0ce4-fee7-45eb-8e4f-0bd5722eaf7b" />
    <UnitTestResult executionId="1f8f8e05-a6ea-4f28-a949-0a892f16b966" testId="19693644-7347-867b-8016-a2234cab1cc0" testName="MostSpecific_FallsBackToPortfolioOnly" computerName="reverse-code-generator-69bf4222-hpwqw" duration="00:00:00.0001681" startTime="2026-07-18T00:29:09.4738320+00:00" endTime="2026-07-18T00:29:09.4740386+00:00" testType="13cdc9d9-ddb5-4fa4-a97d-d965ccfc6d4b" outcome="Passed" testListId="8c84fa94-04c1-424b-9868-57a2d4851a1d" relativeResultsDirectory="1f8f8e05-a6ea-4f28-a949-0a892f16b966" />
    <UnitTestResult executionId="7a07b47a-a050-4b9f-b05f-69f784c943ea" testId="166e1767-1e5c-839e-b87b-eea4cc63ce31" testName="MeetsOrExceeds_AboveLimit_True" computerName="reverse-code-generator-69bf4222-hpwqw" duration="00:00:00.0002185" startTime="2026-07-18T00:29:09.4570086+00:00" endTime="2026-07-18T00:29:09.4572836+00:00" testType="13cdc9d9-ddb5-4fa4-a97d-d965ccfc6d4b" outcome="Passed" testListId="8c84fa94-04c1-424b-9868-57a2d4851a1d" relativeResultsDirectory="7a07b47a-a050-4b9f-b05f-69f784c943ea" />
    <UnitTestResult executionId="4bb696b8-4d65-4656-b15a-40c393d69e8e" testId="16cbd90f-83dd-8dc1-aabd-74e543134acb" testName="ValidateAsync_PositionSize_BothSideSigns_ThroughDatabaseState" computerName="reverse-code-generator-69bf4222-hpwqw" duration="00:00:00.0135063" startTime="2026-07-18T00:29:09.9235349+00:00" endTime="2026-07-18T00:29:09.9371246+00:00" testType="13cdc9d9-ddb5-4fa4-a97d-d965ccfc6d4b" outcome="Passed" testListId="8c84fa94-04c1-424b-9868-57a2d4851a1d" relativeResultsDirectory="4bb696b8-4d65-4656-b15a-40c393d69e8e" />
    <UnitTestResult executionId="d39e70a2-a323-421f-adaa-2f2895d2816b" testId="13ac7861-0411-87f1-a2eb-865ba62b265d" testName="Check3_NotionalValue" computerName="reverse-code-generator-69bf4222-hpwqw" duration="00:00:00.0007933" startTime="2026-07-18T00:29:09.4672237+00:00" endTime="2026-07-18T00:29:09.4680697+00:00" testType="13cdc9d9-ddb5-4fa4-a97d-d965ccfc6d4b" outcome="Passed" testListId="8c84fa94-04c1-424b-9868-57a2d4851a1d" relativeResultsDirectory="d39e70a2-a323-421f-adaa-2f2895d2816b" />
    <UnitTestResult executionId="327c67d2-5892-4c72-a1bf-f911044b4c83" testId="18dcf2f5-6ef3-84be-a038-4bcd012a9106" testName="MeetsOrExceeds_NullCeiling_NotEnforced_False" computerName="reverse-code-generator-69bf4222-hpwqw" duration="00:00:00.0000926" startTime="2026-07-18T00:29:09.4573268+00:00" endTime="2026-07-18T00:29:09.4574677+00:00" testType="13cdc9d9-ddb5-4fa4-a97d-d965ccfc6d4b" outcome="Passed" testListId="8c84fa94-04c1-424b-9868-57a2d4851a1d" relativeResultsDirectory="327c67d2-5892-4c72-a1bf-f911044b4c83" />
    <UnitTestResult executionId="8d4f2797-4d79-4d79-b995-f86fadb91bff" testId="19a81e61-1e19-85a3-a741-716ea5a50a1a" testName="Gateway_RejectedOrders_CountTowardRollingFrequencyWindow" computerName="reverse-code-generator-69bf4222-hpwqw" duration="00:00:00.0284287" startTime="2026-07-18T00:29:09.7813093+00:00" endTime="2026-07-18T00:29:09.8098346+00:00" testType="13cdc9d9-ddb5-4fa4-a97d-d965ccfc6d4b" outcome="Passed" testListId="8c84fa94-04c1-424b-9868-57a2d4851a1d" relativeResultsDirectory="8d4f2797-4d79-4d79-b995-f86fadb91bff" />
    <UnitTestResult executionId="ecde5c07-3e35-47fd-9366-9f36aab3bf30" testId="16be83a8-e060-8e73-a8ce-07c79712d683" testName="CountWithinWindow_Empty_Zero" computerName="reverse-code-generator-69bf4222-hpwqw" duration="00:00:00.0001244" startTime="2026-07-18T00:29:09.4597442+00:00" endTime="2026-07-18T00:29:09.4599013+00:00" testType="13cdc9d9-ddb5-4fa4-a97d-d965ccfc6d4b" outcome="Passed" testListId="8c84fa94-04c1-424b-9868-57a2d4851a1d" relativeResultsDirectory="ecde5c07-3e35-47fd-9366-9f36aab3bf30" />
    <UnitTestResult executionId="62478097-533b-4610-b11f-c1f45180d276" testId="11e842cd-f1b8-8af0-9d92-b0601ec2f0ce" testName="Step4_ZeroLimitDivergence_IsDocumentedAndExpected" computerName="reverse-code-generator-69bf4222-hpwqw" duration="00:00:00.0073321" startTime="2026-07-18T00:29:10.5483291+00:00" endTime="2026-07-18T00:29:10.5603829+00:00" testType="13cdc9d9-ddb5-4fa4-a97d-d965ccfc6d4b" outcome="Passed" testListId="8c84fa94-04c1-424b-9868-57a2d4851a1d" relativeResultsDirectory="62478097-533b-4610-b11f-c1f45180d276" />
    <UnitTestResult executionId="ce7aaea1-fce4-46f2-a15e-4089718105e8" testId="13392e35-b4d0-8d4f-a644-be5cfeb52b52" testName="CountWithinWindow_NoUpperBound_IncludesFuture" computerName="reverse-code-generator-69bf4222-hpwqw" duration="00:00:00.0001676" startTime="2026-07-18T00:29:09.4595083+00:00" endTime="2026-07-18T00:29:09.4597226+00:00" testType="13cdc9d9-ddb5-4fa4-a97d-d965ccfc6d4b" outcome="Passed" testListId="8c84fa94-04c1-424b-9868-57a2d4851a1d" relativeResultsDirectory="ce7aaea1-fce4-46f2-a15e-4089718105e8" />
    <UnitTestResult executionId="2a158386-843f-4b3b-8562-f43fb3c680f4" testId="1c9a0c80-ae03-87a4-a78d-4daab3fab63e" testName="Check1_PriceCeiling" computerName="reverse-code-generator-69bf4222-hpwqw" duration="00:00:00.0001620" startTime="2026-07-18T00:29:09.4668029+00:00" endTime="2026-07-18T00:29:09.4670148+00:00" testType="13cdc9d9-ddb5-4fa4-a97d-d965ccfc6d4b" outcome="Passed" testListId="8c84fa94-04c1-424b-9868-57a2d4851a1d" relativeResultsDirectory="2a158386-843f-4b3b-8562-f43fb3c680f4" />
    <UnitTestResult executionId="2ea4a9b6-eef9-4d9d-a459-7c16a9138c77" testId="1f08b489-5654-8c80-9436-b0e81642e814" testName="ValidateAsync_FirstBreachReason_ExactOrderingCascade" computerName="reverse-code-generator-69bf4222-hpwqw" duration="00:00:00.0164118" startTime="2026-07-18T00:29:09.8354542+00:00" endTime="2026-07-18T00:29:09.8519331+00:00" testType="13cdc9d9-ddb5-4fa4-a97d-d965ccfc6d4b" outcome="Passed" testListId="8c84fa94-04c1-424b-9868-57a2d4851a1d" relativeResultsDirectory="2ea4a9b6-eef9-4d9d-a459-7c16a9138c77" />
    <UnitTestResult executionId="132d24f6-919a-4f0f-b0a1-a8709b8e0444" testId="1b37935c-c4a7-8f45-bf5b-fc58b3a759d4" testName="MeetsOrExceeds_ZeroCeiling_NotEnforced_False" computerName="reverse-code-generator-69bf4222-hpwqw" duration="00:00:00.0001346" startTime="2026-07-18T00:29:09.4574878+00:00" endTime="2026-07-18T00:29:09.4576536+00:00" testType="13cdc9d9-ddb5-4fa4-a97d-d965ccfc6d4b" outcome="Passed" testListId="8c84fa94-04c1-424b-9868-57a2d4851a1d" relativeResultsDirectory="132d24f6-919a-4f0f-b0a1-a8709b8e0444" />
    <UnitTestResult executionId="ea21d88b-8d29-4e54-b562-43647bcf9dba" testId="148279db-c217-83b2-9a38-1eafe451fabf" testName="ValidateAsync_MarketOrderCommission_UsesSeededLatestTradePrice" computerName="reverse-code-generator-69bf4222-hpwqw" duration="00:00:00.0124931" startTime="2026-07-18T00:29:09.8227859+00:00" endTime="2026-07-18T00:29:09.8354031+00:00" testType="13cdc9d9-ddb5-4fa4-a97d-d965ccfc6d4b" outcome="Passed" testListId="8c84fa94-04c1-424b-9868-57a2d4851a1d" relativeResultsDirectory="ea21d88b-8d29-4e54-b562-43647bcf9dba" />
    <UnitTestResult executionId="7bf7ca4f-7c69-481f-a80d-b7c5346719bb" testId="16d8e4a2-5a98-8153-a084-8688e619afe8" testName="Frequency_RollingMatchesSqlCount_SimpleWindow" computerName="reverse-code-generator-69bf4222-hpwqw" duration="00:00:00.0003591" startTime="2026-07-18T00:29:09.4799109+00:00" endTime="2026-07-18T00:29:09.4803110+00:00" testType="13cdc9d9-ddb5-4fa4-a97d-d965ccfc6d4b" outcome="Passed" testListId="8c84fa94-04c1-424b-9868-57a2d4851a1d" relativeResultsDirectory="7bf7ca4f-7c69-481f-a80d-b7c5346719bb" />
    <UnitTestResult executionId="ce233928-f550-4292-be24-e1c3587c72be" testId="13c1cbbd-dfd7-89cd-899f-17597bd2e591" testName="Gateway_ConcurrentSubmit_SerializedByAdvisoryLock_AcceptsExactlyFreqCountMinusOne" computerName="reverse-code-generator-69bf4222-hpwqw" duration="00:00:00.0937124" startTime="2026-07-18T00:29:09.6874750+00:00" endTime="2026-07-18T00:29:09.7812619+00:00" testType="13cdc9d9-ddb5-4fa4-a97d-d965ccfc6d4b" outcome="Passed" testListId="8c84fa94-04c1-424b-9868-57a2d4851a1d" relativeResultsDirectory="ce233928-f550-4292-be24-e1c3587c72be" />
    <UnitTestResult executionId="7402edcd-d74e-45a0-b20d-bec7169142a3" testId="16018354-0771-8c06-b365-e353c8c2b7bd" testName="MostSpecific_EffectiveDateDescTieBreak" computerName="reverse-code-generator-69bf4222-hpwqw" duration="00:00:00.0003373" startTime="2026-07-18T00:29:09.4740578+00:00" endTime="2026-07-18T00:29:09.4744295+00:00" testType="13cdc9d9-ddb5-4fa4-a97d-d965ccfc6d4b" outcome="Passed" testListId="8c84fa94-04c1-424b-9868-57a2d4851a1d" relativeResultsDirectory="7402edcd-d74e-45a0-b20d-bec7169142a3" />
    <UnitTestResult executionId="05b2b3e8-e6b5-4427-9012-31441ba41dae" testId="145d15e6-7a7f-808e-beb4-afcb820d69cf" testName="ValidateAsync_WithinLimits_Accepted" computerName="reverse-code-generator-69bf4222-hpwqw" duration="00:00:00.1990842" startTime="2026-07-18T00:29:09.4803426+00:00" endTime="2026-07-18T00:29:09.6806662+00:00" testType="13cdc9d9-ddb5-4fa4-a97d-d965ccfc6d4b" outcome="Passed" testListId="8c84fa94-04c1-424b-9868-57a2d4851a1d" relativeResultsDirectory="05b2b3e8-e6b5-4427-9012-31441ba41dae" />
    <UnitTestResult executionId="4b3c5d3e-8d1f-4db4-adb1-5f4f0ef9c4fa" testId="19640e2e-a59d-8046-819c-b4f5e9e0677b" testName="Frequency_GateEqualsCircuitBreaker" computerName="reverse-code-generator-69bf4222-hpwqw" duration="00:00:00.0007008" startTime="2026-07-18T00:29:09.4660327+00:00" endTime="2026-07-18T00:29:09.4667784+00:00" testType="13cdc9d9-ddb5-4fa4-a97d-d965ccfc6d4b" outcome="Passed" testListId="8c84fa94-04c1-424b-9868-57a2d4851a1d" relativeResultsDirectory="4b3c5d3e-8d1f-4db4-adb1-5f4f0ef9c4fa" />
    <UnitTestResult executionId="e8958534-1437-433f-aad0-9c9f2a8e1e2a" testId="1aa93d85-e8a3-86eb-84db-b360a7bbccaf" testName="MeetsOrExceeds_PrecisionAtScale" computerName="reverse-code-generator-69bf4222-hpwqw" duration="00:00:00.0001513" startTime="2026-07-18T00:29:09.4576716+00:00" endTime="2026-07-18T00:29:09.4578609+00:00" testType="13cdc9d9-ddb5-4fa4-a97d-d965ccfc6d4b" outcome="Passed" testListId="8c84fa94-04c1-424b-9868-57a2d4851a1d" relativeResultsDirectory="e8958534-1437-433f-aad0-9c9f2a8e1e2a" />
    <UnitTestResult executionId="9db4acb4-8acd-46f7-b6e7-c34c69196f28" testId="1d9fe674-4160-8a7d-92b8-9748a071f323" testName="Check2_QtyCeiling" computerName="reverse-code-generator-69bf4222-hpwqw" duration="00:00:00.0001446" startTime="2026-07-18T00:29:09.4670327+00:00" endTime="2026-07-18T00:29:09.4672071+00:00" testType="13cdc9d9-ddb5-4fa4-a97d-d965ccfc6d4b" outcome="Passed" testListId="8c84fa94-04c1-424b-9868-57a2d4851a1d" relativeResultsDirectory="9db4acb4-8acd-46f7-b6e7-c34c69196f28" />
    <UnitTestResult executionId="aac87ee4-7dec-4317-b33b-a540b7d35976" testId="1578f725-35c1-8c27-ab13-ba64268b26df" testName="Gateway_NonPositivePriceOrQty_RejectedStructurally_NoRowPersisted" computerName="reverse-code-generator-69bf4222-hpwqw" duration="00:00:00.0093771" startTime="2026-07-18T00:29:09.9371665+00:00" endTime="2026-07-18T00:29:09.9466093+00:00" testType="13cdc9d9-ddb5-4fa4-a97d-d965ccfc6d4b" outcome="Passed" testListId="8c84fa94-04c1-424b-9868-57a2d4851a1d" relativeResultsDirectory="aac87ee4-7dec-4317-b33b-a540b7d35976" />
    <UnitTestResult executionId="0cdc3539-0a1b-4909-bcf5-d376072295e9" testId="120d7314-3d0a-88bc-adc8-a5dbf8d1a169" testName="MostSpecific_PortfolioAndSecurity_Wins" computerName="reverse-code-generator-69bf4222-hpwqw" duration="00:00:00.0032569" startTime="2026-07-18T00:29:09.4704874+00:00" endTime="2026-07-18T00:29:09.4737847+00:00" testType="13cdc9d9-ddb5-4fa4-a97d-d965ccfc6d4b" outcome="Passed" testListId="8c84fa94-04c1-424b-9868-57a2d4851a1d" relativeResultsDirectory="0cdc3539-0a1b-4909-bcf5-d376072295e9" />
    <UnitTestResult executionId="de22cc76-e328-4a6b-92f4-2f76ae0f2258" testId="175de2e5-2625-80a1-bfd5-dd40167735b8" testName="Step3_ConsolidatedGate_OnPostgreSql_MatchesGolden" computerName="reverse-code-generator-69bf4222-hpwqw" duration="00:00:00.0469298" startTime="2026-07-18T00:29:10.3457310+00:00" endTime="2026-07-18T00:29:10.3927456+00:00" testType="13cdc9d9-ddb5-4fa4-a97d-d965ccfc6d4b" outcome="Passed" testListId="8c84fa94-04c1-424b-9868-57a2d4851a1d" relativeResultsDirectory="de22cc76-e328-4a6b-92f4-2f76ae0f2258" />
    <UnitTestResult executionId="34bff487-9f4d-4a07-b61a-f1c40c471826" testId="1cf041ec-18f5-87f7-9734-21e95373c3fb" testName="Check4_OrderFrequency" computerName="reverse-code-generator-69bf4222-hpwqw" duration="00:00:00.0002342" startTime="2026-07-18T00:29:09.4680935+00:00" endTime="2026-07-18T00:29:09.4683656+00:00" testType="13cdc9d9-ddb5-4fa4-a97d-d965ccfc6d4b" outcome="Passed" testListId="8c84fa94-04c1-424b-9868-57a2d4851a1d" relativeResultsDirectory="34bff487-9f4d-4a07-b61a-f1c40c471826" />
    <UnitTestResult executionId="56595615-29c8-4b63-a32c-b4226ea8c6aa" testId="18b85bce-2fa8-8c6f-8bcf-104ba222575d" testName="Step1_OriginalSqlServerProcedure_GoldenBaseline" computerName="reverse-code-generator-69bf4222-hpwqw" duration="00:00:00.3298251" startTime="2026-07-18T00:29:09.9507255+00:00" endTime="2026-07-18T00:29:10.2806171+00:00" testType="13cdc9d9-ddb5-4fa4-a97d-d965ccfc6d4b" outcome="Passed" testListId="8c84fa94-04c1-424b-9868-57a2d4851a1d" relativeResultsDirectory="56595615-29c8-4b63-a32c-b4226ea8c6aa" />
    <UnitTestResult executionId="50d62391-f9eb-46dc-9897-527862a17c4d" testId="18a57994-0664-8488-bf2e-40c8ef32f21a" testName="ValidateAsync_NonPositivePrice_RejectedBeforeAnyCeiling" computerName="reverse-code-generator-69bf4222-hpwqw" duration="00:00:00.0035236" startTime="2026-07-18T00:29:09.9466458+00:00" endTime="2026-07-18T00:29:09.9502244+00:00" testType="13cdc9d9-ddb5-4fa4-a97d-d965ccfc6d4b" outcome="Passed" testListId="8c84fa94-04c1-424b-9868-57a2d4851a1d" relativeResultsDirectory="50d62391-f9eb-46dc-9897-527862a17c4d" />
    <UnitTestResult executionId="ca99a8f6-9922-4111-aaa5-93d1cdc51d0b" testId="18370f0b-ead6-845a-a90e-712ee76b2ddf" testName="Check7_DailyVolume" computerName="reverse-code-generator-69bf4222-hpwqw" duration="00:00:00.0001852" startTime="2026-07-18T00:29:09.4692805+00:00" endTime="2026-07-18T00:29:09.4695154+00:00" testType="13cdc9d9-ddb5-4fa4-a97d-d965ccfc6d4b" outcome="Passed" testListId="8c84fa94-04c1-424b-9868-57a2d4851a1d" relativeResultsDirectory="ca99a8f6-9922-4111-aaa5-93d1cdc51d0b" />
    <UnitTestResult executionId="5e1891e6-31c8-4b1c-ad57-b14fbe71492b" testId="136c39d8-3713-8cb5-9f6b-b8c3103a7a7f" testName="MeetsOrExceeds_BelowLimit_False" computerName="reverse-code-generator-69bf4222-hpwqw" duration="00:00:00.0084569" startTime="2026-07-18T00:29:08.0654232+00:00" endTime="2026-07-18T00:29:09.4503618+00:00" testType="13cdc9d9-ddb5-4fa4-a97d-d965ccfc6d4b" outcome="Passed" testListId="8c84fa94-04c1-424b-9868-57a2d4851a1d" relativeResultsDirectory="5e1891e6-31c8-4b1c-ad57-b14fbe71492b" />
    <UnitTestResult executionId="c6cd3569-d42c-4ab4-9924-c951eb094f04" testId="1ea9a3dc-df4a-8edd-9cea-7b29890c276b" testName="NullOrZeroLimit_NotEnforced" computerName="reverse-code-generator-69bf4222-hpwqw" duration="00:00:00.0001673" startTime="2026-07-18T00:29:09.4702458+00:00" endTime="2026-07-18T00:29:09.4704651+00:00" testType="13cdc9d9-ddb5-4fa4-a97d-d965ccfc6d4b" outcome="Passed" testListId="8c84fa94-04c1-424b-9868-57a2d4851a1d" relativeResultsDirectory="c6cd3569-d42c-4ab4-9924-c951eb094f04" />
    <UnitTestResult executionId="a0e2ab86-eabd-4f79-9f6b-76054cbf5602" testId="1fabd4df-fe4c-8613-9912-abd0bca61ec1" testName="Check6_CommissionEstimate" computerName="reverse-code-generator-69bf4222-hpwqw" duration="00:00:00.0003031" startTime="2026-07-18T00:29:09.4689226+00:00" endTime="2026-07-18T00:29:09.4692609+00:00" testType="13cdc9d9-ddb5-4fa4-a97d-d965ccfc6d4b" outcome="Passed" testListId="8c84fa94-04c1-424b-9868-57a2d4851a1d" relativeResultsDirectory="a0e2ab86-eabd-4f79-9f6b-76054cbf5602" />
    <UnitTestResult executionId="d2a23ba8-3516-4665-9367-a24631a4abbf" testId="1912c42f-722b-8d19-aa68-58ebd48de5d0" testName="Frequency_RollingStricterThanFixedBucket_BoundaryStraddle" computerName="reverse-code-generator-69bf4222-hpwqw" duration="00:00:00.0051650" startTime="2026-07-18T00:29:09.4746761+00:00" endTime="2026-07-18T00:29:09.4798865+00:00" testType="13cdc9d9-ddb5-4fa4-a97d-d965ccfc6d4b" outcome="Passed" testListId="8c84fa94-04c1-424b-9868-57a2d4851a1d" relativeResultsDirectory="d2a23ba8-3516-4665-9367-a24631a4abbf" />
    <UnitTestResult executionId="b3c7c11a-4146-4ac2-a52e-5b55079c0cf9" testId="13443f76-7785-8602-b14b-bd5b53358c6f" testName="Step3_MostSpecificRiskLimitsSelection_ViaValidateAsync" computerName="reverse-code-generator-69bf4222-hpwqw" duration="00:00:00.0099808" startTime="2026-07-18T00:29:10.3928006+00:00" endTime="2026-07-18T00:29:10.4028673+00:00" testType="13cdc9d9-ddb5-4fa4-a97d-d965ccfc6d4b" outcome="Passed" testListId="8c84fa94-04c1-424b-9868-57a2d4851a1d" relativeResultsDirectory="b3c7c11a-4146-4ac2-a52e-5b55079c0cf9" />
  </Results>
  <TestDefinitions>
    <UnitTest name="MeetsOrExceeds_ZeroCeiling_NotEnforced_False" storage="/tmp/blitzy/stocksharp-storedprocedures/blitzy-390f5b52-a9a3-4610-9322-1e65e0fd4d60_f38f36/tests/bin/release/net10.0/stocksharp.tests.dll" id="1b37935c-c4a7-8f45-bf5b-fc58b3a759d4">
      <Execution id="132d24f6-919a-4f0f-b0a1-a8709b8e0444" />
      <TestMethod codeBase="/tmp/blitzy/stocksharp-storedprocedures/blitzy-390f5b52-a9a3-4610-9322-1e65e0fd4d60_f38f36/Tests/bin/Release/net10.0/StockSharp.Tests.dll" adapterTypeName="executor://mstestadapter/v4" className="StockSharp.Tests.PreTradeRiskParityTests" name="MeetsOrExceeds_ZeroCeiling_NotEnforced_False" />
    </UnitTest>
    <UnitTest name="MeetsOrExceeds_EqualsLimit_True" storage="/tmp/blitzy/stocksharp-storedprocedures/blitzy-390f5b52-a9a3-4610-9322-1e65e0fd4d60_f38f36/tests/bin/release/net10.0/stocksharp.tests.dll" id="1a1abc8a-f25a-8e2e-9fce-bf00a1c308e8">
      <Execution id="f5899b31-f3e4-4b90-b978-ec4f0c63660e" />
      <TestMethod codeBase="/tmp/blitzy/stocksharp-storedprocedures/blitzy-390f5b52-a9a3-4610-9322-1e65e0fd4d60_f38f36/Tests/bin/Release/net10.0/StockSharp.Tests.dll" adapterTypeName="executor://mstestadapter/v4" className="StockSharp.Tests.PreTradeRiskParityTests" name="MeetsOrExceeds_EqualsLimit_True" />
    </UnitTest>
    <UnitTest name="MostSpecific_FallsBackToPortfolioOnly" storage="/tmp/blitzy/stocksharp-storedprocedures/blitzy-390f5b52-a9a3-4610-9322-1e65e0fd4d60_f38f36/tests/bin/release/net10.0/stocksharp.tests.dll" id="19693644-7347-867b-8016-a2234cab1cc0">
      <Execution id="1f8f8e05-a6ea-4f28-a949-0a892f16b966" />
      <TestMethod codeBase="/tmp/blitzy/stocksharp-storedprocedures/blitzy-390f5b52-a9a3-4610-9322-1e65e0fd4d60_f38f36/Tests/bin/Release/net10.0/StockSharp.Tests.dll" adapterTypeName="executor://mstestadapter/v4" className="StockSharp.Tests.PreTradeRiskParityTests" name="MostSpecific_FallsBackToPortfolioOnly" />
    </UnitTest>
    <UnitTest name="CountWithinWindow_Empty_Zero" storage="/tmp/blitzy/stocksharp-storedprocedures/blitzy-390f5b52-a9a3-4610-9322-1e65e0fd4d60_f38f36/tests/bin/release/net10.0/stocksharp.tests.dll" id="16be83a8-e060-8e73-a8ce-07c79712d683">
      <Execution id="ecde5c07-3e35-47fd-9366-9f36aab3bf30" />
      <TestMethod codeBase="/tmp/blitzy/stocksharp-storedprocedures/blitzy-390f5b52-a9a3-4610-9322-1e65e0fd4d60_f38f36/Tests/bin/Release/net10.0/StockSharp.Tests.dll" adapterTypeName="executor://mstestadapter/v4" className="StockSharp.Tests.PreTradeRiskParityTests" name="CountWithinWindow_Empty_Zero" />
    </UnitTest>
    <UnitTest name="ValidateAsync_NonPositivePrice_RejectedBeforeAnyCeiling" storage="/tmp/blitzy/stocksharp-storedprocedures/blitzy-390f5b52-a9a3-4610-9322-1e65e0fd4d60_f38f36/tests/bin/release/net10.0/stocksharp.tests.dll" id="18a57994-0664-8488-bf2e-40c8ef32f21a">
      <Execution id="50d62391-f9eb-46dc-9897-527862a17c4d" />
      <TestMethod codeBase="/tmp/blitzy/stocksharp-storedprocedures/blitzy-390f5b52-a9a3-4610-9322-1e65e0fd4d60_f38f36/Tests/bin/Release/net10.0/StockSharp.Tests.dll" adapterTypeName="executor://mstestadapter/v4" className="StockSharp.Tests.PreTradeRiskParityTests" name="ValidateAsync_NonPositivePrice_RejectedBeforeAnyCeiling" />
    </UnitTest>
    <UnitTest name="NullOrZeroLimit_NotEnforced" storage="/tmp/blitzy/stocksharp-storedprocedures/blitzy-390f5b52-a9a3-4610-9322-1e65e0fd4d60_f38f36/tests/bin/release/net10.0/stocksharp.tests.dll" id="1ea9a3dc-df4a-8edd-9cea-7b29890c276b">
      <Execution id="c6cd3569-d42c-4ab4-9924-c951eb094f04" />
      <TestMethod codeBase="/tmp/blitzy/stocksharp-storedprocedures/blitzy-390f5b52-a9a3-4610-9322-1e65e0fd4d60_f38f36/Tests/bin/Release/net10.0/StockSharp.Tests.dll" adapterTypeName="executor://mstestadapter/v4" className="StockSharp.Tests.PreTradeRiskParityTests" name="NullOrZeroLimit_NotEnforced" />
    </UnitTest>
    <UnitTest name="Check4_OrderFrequency" storage="/tmp/blitzy/stocksharp-storedprocedures/blitzy-390f5b52-a9a3-4610-9322-1e65e0fd4d60_f38f36/tests/bin/release/net10.0/stocksharp.tests.dll" id="1cf041ec-18f5-87f7-9734-21e95373c3fb">
      <Execution id="34bff487-9f4d-4a07-b61a-f1c40c471826" />
      <TestMethod codeBase="/tmp/blitzy/stocksharp-storedprocedures/blitzy-390f5b52-a9a3-4610-9322-1e65e0fd4d60_f38f36/Tests/bin/Release/net10.0/StockSharp.Tests.dll" adapterTypeName="executor://mstestadapter/v4" className="StockSharp.Tests.PreTradeRiskParityTests" name="Check4_OrderFrequency" />
    </UnitTest>
    <UnitTest name="CountWithinWindow_InclusiveLowerBound" storage="/tmp/blitzy/stocksharp-storedprocedures/blitzy-390f5b52-a9a3-4610-9322-1e65e0fd4d60_f38f36/tests/bin/release/net10.0/stocksharp.tests.dll" id="1cffced0-0900-8a74-9985-85c36c3f0865">
      <Execution id="39d76021-278f-4830-b688-76e21de6776e" />
      <TestMethod codeBase="/tmp/blitzy/stocksharp-storedprocedures/blitzy-390f5b52-a9a3-4610-9322-1e65e0fd4d60_f38f36/Tests/bin/Release/net10.0/StockSharp.Tests.dll" adapterTypeName="executor://mstestadapter/v4" className="StockSharp.Tests.PreTradeRiskParityTests" name="CountWithinWindow_InclusiveLowerBound" />
    </UnitTest>
    <UnitTest name="MostSpecific_NonMatching_Excluded" storage="/tmp/blitzy/stocksharp-storedprocedures/blitzy-390f5b52-a9a3-4610-9322-1e65e0fd4d60_f38f36/tests/bin/release/net10.0/stocksharp.tests.dll" id="19081135-02df-8fc4-a6ca-63f6d6f33345">
      <Execution id="fd2dae2a-42bd-4dbb-b7ba-4a5d0991e198" />
      <TestMethod codeBase="/tmp/blitzy/stocksharp-storedprocedures/blitzy-390f5b52-a9a3-4610-9322-1e65e0fd4d60_f38f36/Tests/bin/Release/net10.0/StockSharp.Tests.dll" adapterTypeName="executor://mstestadapter/v4" className="StockSharp.Tests.PreTradeRiskParityTests" name="MostSpecific_NonMatching_Excluded" />
    </UnitTest>
    <UnitTest name="ValidateAsync_FirstBreachReason_ExactOrderingCascade" storage="/tmp/blitzy/stocksharp-storedprocedures/blitzy-390f5b52-a9a3-4610-9322-1e65e0fd4d60_f38f36/tests/bin/release/net10.0/stocksharp.tests.dll" id="1f08b489-5654-8c80-9436-b0e81642e814">
      <Execution id="2ea4a9b6-eef9-4d9d-a459-7c16a9138c77" />
      <TestMethod codeBase="/tmp/blitzy/stocksharp-storedprocedures/blitzy-390f5b52-a9a3-4610-9322-1e65e0fd4d60_f38f36/Tests/bin/Release/net10.0/StockSharp.Tests.dll" adapterTypeName="executor://mstestadapter/v4" className="StockSharp.Tests.PreTradeRiskParityTests" name="ValidateAsync_FirstBreachReason_ExactOrderingCascade" />
    </UnitTest>
    <UnitTest name="MeetsOrExceeds_BelowLimit_False" storage="/tmp/blitzy/stocksharp-storedprocedures/blitzy-390f5b52-a9a3-4610-9322-1e65e0fd4d60_f38f36/tests/bin/release/net10.0/stocksharp.tests.dll" id="136c39d8-3713-8cb5-9f6b-b8c3103a7a7f">
      <Execution id="5e1891e6-31c8-4b1c-ad57-b14fbe71492b" />
      <TestMethod codeBase="/tmp/blitzy/stocksharp-storedprocedures/blitzy-390f5b52-a9a3-4610-9322-1e65e0fd4d60_f38f36/Tests/bin/Release/net10.0/StockSharp.Tests.dll" adapterTypeName="executor://mstestadapter/v4" className="StockSharp.Tests.PreTradeRiskParityTests" name="MeetsOrExceeds_BelowLimit_False" />
    </UnitTest>
    <UnitTest name="Check6_CommissionEstimate" storage="/tmp/blitzy/stocksharp-storedprocedures/blitzy-390f5b52-a9a3-4610-9322-1e65e0fd4d60_f38f36/tests/bin/release/net10.0/stocksharp.tests.dll" id="1fabd4df-fe4c-8613-9912-abd0bca61ec1">
      <Execution id="a0e2ab86-eabd-4f79-9f6b-76054cbf5602" />
      <TestMethod codeBase="/tmp/blitzy/stocksharp-storedprocedures/blitzy-390f5b52-a9a3-4610-9322-1e65e0fd4d60_f38f36/Tests/bin/Release/net10.0/StockSharp.Tests.dll" adapterTypeName="executor://mstestadapter/v4" className="StockSharp.Tests.PreTradeRiskParityTests" name="Check6_CommissionEstimate" />
    </UnitTest>
    <UnitTest name="ValidateAsync_PositionSize_BothSideSigns_ThroughDatabaseState" storage="/tmp/blitzy/stocksharp-storedprocedures/blitzy-390f5b52-a9a3-4610-9322-1e65e0fd4d60_f38f36/tests/bin/release/net10.0/stocksharp.tests.dll" id="16cbd90f-83dd-8dc1-aabd-74e543134acb">
      <Execution id="4bb696b8-4d65-4656-b15a-40c393d69e8e" />
      <TestMethod codeBase="/tmp/blitzy/stocksharp-storedprocedures/blitzy-390f5b52-a9a3-4610-9322-1e65e0fd4d60_f38f36/Tests/bin/Release/net10.0/StockSharp.Tests.dll" adapterTypeName="executor://mstestadapter/v4" className="StockSharp.Tests.PreTradeRiskParityTests" name="ValidateAsync_PositionSize_BothSideSigns_ThroughDatabaseState" />
    </UnitTest>
    <UnitTest name="ValidateAsync_MarketOrderCommission_UsesSeededLatestTradePrice" storage="/tmp/blitzy/stocksharp-storedprocedures/blitzy-390f5b52-a9a3-4610-9322-1e65e0fd4d60_f38f36/tests/bin/release/net10.0/stocksharp.tests.dll" id="148279db-c217-83b2-9a38-1eafe451fabf">
      <Execution id="ea21d88b-8d29-4e54-b562-43647bcf9dba" />
      <TestMethod codeBase="/tmp/blitzy/stocksharp-storedprocedures/blitzy-390f5b52-a9a3-4610-9322-1e65e0fd4d60_f38f36/Tests/bin/Release/net10.0/StockSharp.Tests.dll" adapterTypeName="executor://mstestadapter/v4" className="StockSharp.Tests.PreTradeRiskParityTests" name="ValidateAsync_MarketOrderCommission_UsesSeededLatestTradePrice" />
    </UnitTest>
    <UnitTest name="Check2_QtyCeiling" storage="/tmp/blitzy/stocksharp-storedprocedures/blitzy-390f5b52-a9a3-4610-9322-1e65e0fd4d60_f38f36/tests/bin/release/net10.0/stocksharp.tests.dll" id="1d9fe674-4160-8a7d-92b8-9748a071f323">
      <Execution id="9db4acb4-8acd-46f7-b6e7-c34c69196f28" />
      <TestMethod codeBase="/tmp/blitzy/stocksharp-storedprocedures/blitzy-390f5b52-a9a3-4610-9322-1e65e0fd4d60_f38f36/Tests/bin/Release/net10.0/StockSharp.Tests.dll" adapterTypeName="executor://mstestadapter/v4" className="StockSharp.Tests.PreTradeRiskParityTests" name="Check2_QtyCeiling" />
    </UnitTest>
    <UnitTest name="CountWithinWindow_NullTimes_Throws" storage="/tmp/blitzy/stocksharp-storedprocedures/blitzy-390f5b52-a9a3-4610-9322-1e65e0fd4d60_f38f36/tests/bin/release/net10.0/stocksharp.tests.dll" id="168f76dd-068e-8d1d-8a76-3bd74401514a">
      <Execution id="aaed707f-3f93-478e-87bd-efe5e3b5ee1f" />
      <TestMethod codeBase="/tmp/blitzy/stocksharp-storedprocedures/blitzy-390f5b52-a9a3-4610-9322-1e65e0fd4d60_f38f36/Tests/bin/Release/net10.0/StockSharp.Tests.dll" adapterTypeName="executor://mstestadapter/v4" className="StockSharp.Tests.PreTradeRiskParityTests" name="CountWithinWindow_NullTimes_Throws" />
    </UnitTest>
    <UnitTest name="Check7_DailyVolume" storage="/tmp/blitzy/stocksharp-storedprocedures/blitzy-390f5b52-a9a3-4610-9322-1e65e0fd4d60_f38f36/tests/bin/release/net10.0/stocksharp.tests.dll" id="18370f0b-ead6-845a-a90e-712ee76b2ddf">
      <Execution id="ca99a8f6-9922-4111-aaa5-93d1cdc51d0b" />
      <TestMethod codeBase="/tmp/blitzy/stocksharp-storedprocedures/blitzy-390f5b52-a9a3-4610-9322-1e65e0fd4d60_f38f36/Tests/bin/Release/net10.0/StockSharp.Tests.dll" adapterTypeName="executor://mstestadapter/v4" className="StockSharp.Tests.PreTradeRiskParityTests" name="Check7_DailyVolume" />
    </UnitTest>
    <UnitTest name="MeetsOrExceeds_PrecisionAtScale" storage="/tmp/blitzy/stocksharp-storedprocedures/blitzy-390f5b52-a9a3-4610-9322-1e65e0fd4d60_f38f36/tests/bin/release/net10.0/stocksharp.tests.dll" id="1aa93d85-e8a3-86eb-84db-b360a7bbccaf">
      <Execution id="e8958534-1437-433f-aad0-9c9f2a8e1e2a" />
      <TestMethod codeBase="/tmp/blitzy/stocksharp-storedprocedures/blitzy-390f5b52-a9a3-4610-9322-1e65e0fd4d60_f38f36/Tests/bin/Release/net10.0/StockSharp.Tests.dll" adapterTypeName="executor://mstestadapter/v4" className="StockSharp.Tests.PreTradeRiskParityTests" name="MeetsOrExceeds_PrecisionAtScale" />
    </UnitTest>
    <UnitTest name="ValidateAsync_DailyVolume_ExcludesPriorUtcDay_AtDayRollover" storage="/tmp/blitzy/stocksharp-storedprocedures/blitzy-390f5b52-a9a3-4610-9322-1e65e0fd4d60_f38f36/tests/bin/release/net10.0/stocksharp.tests.dll" id="1bc48bb5-2f46-84f9-a4ff-5516525bfc8b">
      <Execution id="904ff03d-aff4-4130-a3bf-237a09d43258" />
      <TestMethod codeBase="/tmp/blitzy/stocksharp-storedprocedures/blitzy-390f5b52-a9a3-4610-9322-1e65e0fd4d60_f38f36/Tests/bin/Release/net10.0/StockSharp.Tests.dll" adapterTypeName="executor://mstestadapter/v4" className="StockSharp.Tests.PreTradeRiskParityTests" name="ValidateAsync_DailyVolume_ExcludesPriorUtcDay_AtDayRollover" />
    </UnitTest>
    <UnitTest name="MeetsOrExceeds_NullCeiling_NotEnforced_False" storage="/tmp/blitzy/stocksharp-storedprocedures/blitzy-390f5b52-a9a3-4610-9322-1e65e0fd4d60_f38f36/tests/bin/release/net10.0/stocksharp.tests.dll" id="18dcf2f5-6ef3-84be-a038-4bcd012a9106">
      <Execution id="327c67d2-5892-4c72-a1bf-f911044b4c83" />
      <TestMethod codeBase="/tmp/blitzy/stocksharp-storedprocedures/blitzy-390f5b52-a9a3-4610-9322-1e65e0fd4d60_f38f36/Tests/bin/Release/net10.0/StockSharp.Tests.dll" adapterTypeName="executor://mstestadapter/v4" className="StockSharp.Tests.PreTradeRiskParityTests" name="MeetsOrExceeds_NullCeiling_NotEnforced_False" />
    </UnitTest>
    <UnitTest name="Frequency_RollingMatchesSqlCount_SimpleWindow" storage="/tmp/blitzy/stocksharp-storedprocedures/blitzy-390f5b52-a9a3-4610-9322-1e65e0fd4d60_f38f36/tests/bin/release/net10.0/stocksharp.tests.dll" id="16d8e4a2-5a98-8153-a084-8688e619afe8">
      <Execution id="7bf7ca4f-7c69-481f-a80d-b7c5346719bb" />
      <TestMethod codeBase="/tmp/blitzy/stocksharp-storedprocedures/blitzy-390f5b52-a9a3-4610-9322-1e65e0fd4d60_f38f36/Tests/bin/Release/net10.0/StockSharp.Tests.dll" adapterTypeName="executor://mstestadapter/v4" className="StockSharp.Tests.PreTradeRiskParityTests" name="Frequency_RollingMatchesSqlCount_SimpleWindow" />
    </UnitTest>
    <UnitTest name="Frequency_RollingStricterThanFixedBucket_BoundaryStraddle" storage="/tmp/blitzy/stocksharp-storedprocedures/blitzy-390f5b52-a9a3-4610-9322-1e65e0fd4d60_f38f36/tests/bin/release/net10.0/stocksharp.tests.dll" id="1912c42f-722b-8d19-aa68-58ebd48de5d0">
      <Execution id="d2a23ba8-3516-4665-9367-a24631a4abbf" />
      <TestMethod codeBase="/tmp/blitzy/stocksharp-storedprocedures/blitzy-390f5b52-a9a3-4610-9322-1e65e0fd4d60_f38f36/Tests/bin/Release/net10.0/StockSharp.Tests.dll" adapterTypeName="executor://mstestadapter/v4" className="StockSharp.Tests.PreTradeRiskParityTests" name="Frequency_RollingStricterThanFixedBucket_BoundaryStraddle" />
    </UnitTest>
    <UnitTest name="ValidateAsync_WithinLimits_Accepted" storage="/tmp/blitzy/stocksharp-storedprocedures/blitzy-390f5b52-a9a3-4610-9322-1e65e0fd4d60_f38f36/tests/bin/release/net10.0/stocksharp.tests.dll" id="145d15e6-7a7f-808e-beb4-afcb820d69cf">
      <Execution id="05b2b3e8-e6b5-4427-9012-31441ba41dae" />
      <TestMethod codeBase="/tmp/blitzy/stocksharp-storedprocedures/blitzy-390f5b52-a9a3-4610-9322-1e65e0fd4d60_f38f36/Tests/bin/Release/net10.0/StockSharp.Tests.dll" adapterTypeName="executor://mstestadapter/v4" className="StockSharp.Tests.PreTradeRiskParityTests" name="ValidateAsync_WithinLimits_Accepted" />
    </UnitTest>
    <UnitTest name="Step3_MostSpecificRiskLimitsSelection_ViaValidateAsync" storage="/tmp/blitzy/stocksharp-storedprocedures/blitzy-390f5b52-a9a3-4610-9322-1e65e0fd4d60_f38f36/tests/bin/release/net10.0/stocksharp.tests.dll" id="13443f76-7785-8602-b14b-bd5b53358c6f">
      <Execution id="b3c7c11a-4146-4ac2-a52e-5b55079c0cf9" />
      <TestMethod codeBase="/tmp/blitzy/stocksharp-storedprocedures/blitzy-390f5b52-a9a3-4610-9322-1e65e0fd4d60_f38f36/Tests/bin/Release/net10.0/StockSharp.Tests.dll" adapterTypeName="executor://mstestadapter/v4" className="StockSharp.Tests.PreTradeRiskParityTests" name="Step3_MostSpecificRiskLimitsSelection_ViaValidateAsync" />
    </UnitTest>
    <UnitTest name="MeetsOrExceeds_AboveLimit_True" storage="/tmp/blitzy/stocksharp-storedprocedures/blitzy-390f5b52-a9a3-4610-9322-1e65e0fd4d60_f38f36/tests/bin/release/net10.0/stocksharp.tests.dll" id="166e1767-1e5c-839e-b87b-eea4cc63ce31">
      <Execution id="7a07b47a-a050-4b9f-b05f-69f784c943ea" />
      <TestMethod codeBase="/tmp/blitzy/stocksharp-storedprocedures/blitzy-390f5b52-a9a3-4610-9322-1e65e0fd4d60_f38f36/Tests/bin/Release/net10.0/StockSharp.Tests.dll" adapterTypeName="executor://mstestadapter/v4" className="StockSharp.Tests.PreTradeRiskParityTests" name="MeetsOrExceeds_AboveLimit_True" />
    </UnitTest>
    <UnitTest name="Frequency_GateEqualsCircuitBreaker" storage="/tmp/blitzy/stocksharp-storedprocedures/blitzy-390f5b52-a9a3-4610-9322-1e65e0fd4d60_f38f36/tests/bin/release/net10.0/stocksharp.tests.dll" id="19640e2e-a59d-8046-819c-b4f5e9e0677b">
      <Execution id="4b3c5d3e-8d1f-4db4-adb1-5f4f0ef9c4fa" />
      <TestMethod codeBase="/tmp/blitzy/stocksharp-storedprocedures/blitzy-390f5b52-a9a3-4610-9322-1e65e0fd4d60_f38f36/Tests/bin/Release/net10.0/StockSharp.Tests.dll" adapterTypeName="executor://mstestadapter/v4" className="StockSharp.Tests.PreTradeRiskParityTests" name="Frequency_GateEqualsCircuitBreaker" />
    </UnitTest>
    <UnitTest name="Step1_OriginalSqlServerProcedure_GoldenBaseline" storage="/tmp/blitzy/stocksharp-storedprocedures/blitzy-390f5b52-a9a3-4610-9322-1e65e0fd4d60_f38f36/tests/bin/release/net10.0/stocksharp.tests.dll" id="18b85bce-2fa8-8c6f-8bcf-104ba222575d">
      <Execution id="56595615-29c8-4b63-a32c-b4226ea8c6aa" />
      <TestMethod codeBase="/tmp/blitzy/stocksharp-storedprocedures/blitzy-390f5b52-a9a3-4610-9322-1e65e0fd4d60_f38f36/Tests/bin/Release/net10.0/StockSharp.Tests.dll" adapterTypeName="executor://mstestadapter/v4" className="StockSharp.Tests.PreTradeRiskParityTests" name="Step1_OriginalSqlServerProcedure_GoldenBaseline" />
    </UnitTest>
    <UnitTest name="Check3_NotionalValue" storage="/tmp/blitzy/stocksharp-storedprocedures/blitzy-390f5b52-a9a3-4610-9322-1e65e0fd4d60_f38f36/tests/bin/release/net10.0/stocksharp.tests.dll" id="13ac7861-0411-87f1-a2eb-865ba62b265d">
      <Execution id="d39e70a2-a323-421f-adaa-2f2895d2816b" />
      <TestMethod codeBase="/tmp/blitzy/stocksharp-storedprocedures/blitzy-390f5b52-a9a3-4610-9322-1e65e0fd4d60_f38f36/Tests/bin/Release/net10.0/StockSharp.Tests.dll" adapterTypeName="executor://mstestadapter/v4" className="StockSharp.Tests.PreTradeRiskParityTests" name="Check3_NotionalValue" />
    </UnitTest>
    <UnitTest name="Gateway_NonPositivePriceOrQty_RejectedStructurally_NoRowPersisted" storage="/tmp/blitzy/stocksharp-storedprocedures/blitzy-390f5b52-a9a3-4610-9322-1e65e0fd4d60_f38f36/tests/bin/release/net10.0/stocksharp.tests.dll" id="1578f725-35c1-8c27-ab13-ba64268b26df">
      <Execution id="aac87ee4-7dec-4317-b33b-a540b7d35976" />
      <TestMethod codeBase="/tmp/blitzy/stocksharp-storedprocedures/blitzy-390f5b52-a9a3-4610-9322-1e65e0fd4d60_f38f36/Tests/bin/Release/net10.0/StockSharp.Tests.dll" adapterTypeName="executor://mstestadapter/v4" className="StockSharp.Tests.PreTradeRiskParityTests" name="Gateway_NonPositivePriceOrQty_RejectedStructurally_NoRowPersisted" />
    </UnitTest>
    <UnitTest name="Gateway_ConcurrentSubmit_SerializedByAdvisoryLock_AcceptsExactlyFreqCountMinusOne" storage="/tmp/blitzy/stocksharp-storedprocedures/blitzy-390f5b52-a9a3-4610-9322-1e65e0fd4d60_f38f36/tests/bin/release/net10.0/stocksharp.tests.dll" id="13c1cbbd-dfd7-89cd-899f-17597bd2e591">
      <Execution id="ce233928-f550-4292-be24-e1c3587c72be" />
      <TestMethod codeBase="/tmp/blitzy/stocksharp-storedprocedures/blitzy-390f5b52-a9a3-4610-9322-1e65e0fd4d60_f38f36/Tests/bin/Release/net10.0/StockSharp.Tests.dll" adapterTypeName="executor://mstestadapter/v4" className="StockSharp.Tests.PreTradeRiskParityTests" name="Gateway_ConcurrentSubmit_SerializedByAdvisoryLock_AcceptsExactlyFreqCountMinusOne" />
    </UnitTest>
    <UnitTest name="ValidateAsync_PriceCeilingBreached_Rejected" storage="/tmp/blitzy/stocksharp-storedprocedures/blitzy-390f5b52-a9a3-4610-9322-1e65e0fd4d60_f38f36/tests/bin/release/net10.0/stocksharp.tests.dll" id="17e1d50f-6b5d-8d17-a557-5404be9f10bf">
      <Execution id="45e29b5d-c1b1-45d1-82c7-a5a326a50b0d" />
      <TestMethod codeBase="/tmp/blitzy/stocksharp-storedprocedures/blitzy-390f5b52-a9a3-4610-9322-1e65e0fd4d60_f38f36/Tests/bin/Release/net10.0/StockSharp.Tests.dll" adapterTypeName="executor://mstestadapter/v4" className="StockSharp.Tests.PreTradeRiskParityTests" name="ValidateAsync_PriceCeilingBreached_Rejected" />
    </UnitTest>
    <UnitTest name="Step4_ZeroLimitDivergence_IsDocumentedAndExpected" storage="/tmp/blitzy/stocksharp-storedprocedures/blitzy-390f5b52-a9a3-4610-9322-1e65e0fd4d60_f38f36/tests/bin/release/net10.0/stocksharp.tests.dll" id="11e842cd-f1b8-8af0-9d92-b0601ec2f0ce">
      <Execution id="62478097-533b-4610-b11f-c1f45180d276" />
      <TestMethod codeBase="/tmp/blitzy/stocksharp-storedprocedures/blitzy-390f5b52-a9a3-4610-9322-1e65e0fd4d60_f38f36/Tests/bin/Release/net10.0/StockSharp.Tests.dll" adapterTypeName="executor://mstestadapter/v4" className="StockSharp.Tests.PreTradeRiskParityTests" name="Step4_ZeroLimitDivergence_IsDocumentedAndExpected" />
    </UnitTest>
    <UnitTest name="Step3_ConsolidatedGate_OnPostgreSql_MatchesGolden" storage="/tmp/blitzy/stocksharp-storedprocedures/blitzy-390f5b52-a9a3-4610-9322-1e65e0fd4d60_f38f36/tests/bin/release/net10.0/stocksharp.tests.dll" id="175de2e5-2625-80a1-bfd5-dd40167735b8">
      <Execution id="de22cc76-e328-4a6b-92f4-2f76ae0f2258" />
      <TestMethod codeBase="/tmp/blitzy/stocksharp-storedprocedures/blitzy-390f5b52-a9a3-4610-9322-1e65e0fd4d60_f38f36/Tests/bin/Release/net10.0/StockSharp.Tests.dll" adapterTypeName="executor://mstestadapter/v4" className="StockSharp.Tests.PreTradeRiskParityTests" name="Step3_ConsolidatedGate_OnPostgreSql_MatchesGolden" />
    </UnitTest>
    <UnitTest name="MostSpecific_EffectiveDateDescTieBreak" storage="/tmp/blitzy/stocksharp-storedprocedures/blitzy-390f5b52-a9a3-4610-9322-1e65e0fd4d60_f38f36/tests/bin/release/net10.0/stocksharp.tests.dll" id="16018354-0771-8c06-b365-e353c8c2b7bd">
      <Execution id="7402edcd-d74e-45a0-b20d-bec7169142a3" />
      <TestMethod codeBase="/tmp/blitzy/stocksharp-storedprocedures/blitzy-390f5b52-a9a3-4610-9322-1e65e0fd4d60_f38f36/Tests/bin/Release/net10.0/StockSharp.Tests.dll" adapterTypeName="executor://mstestadapter/v4" className="StockSharp.Tests.PreTradeRiskParityTests" name="MostSpecific_EffectiveDateDescTieBreak" />
    </UnitTest>
    <UnitTest name="Step2_ConsolidatedGate_OnSqlServerState_MatchesGolden" storage="/tmp/blitzy/stocksharp-storedprocedures/blitzy-390f5b52-a9a3-4610-9322-1e65e0fd4d60_f38f36/tests/bin/release/net10.0/stocksharp.tests.dll" id="19bfade9-8aab-82f2-855e-0e879909c622">
      <Execution id="8f0f0ce4-fee7-45eb-8e4f-0bd5722eaf7b" />
      <TestMethod codeBase="/tmp/blitzy/stocksharp-storedprocedures/blitzy-390f5b52-a9a3-4610-9322-1e65e0fd4d60_f38f36/Tests/bin/Release/net10.0/StockSharp.Tests.dll" adapterTypeName="executor://mstestadapter/v4" className="StockSharp.Tests.PreTradeRiskParityTests" name="Step2_ConsolidatedGate_OnSqlServerState_MatchesGolden" />
    </UnitTest>
    <UnitTest name="Check1_PriceCeiling" storage="/tmp/blitzy/stocksharp-storedprocedures/blitzy-390f5b52-a9a3-4610-9322-1e65e0fd4d60_f38f36/tests/bin/release/net10.0/stocksharp.tests.dll" id="1c9a0c80-ae03-87a4-a78d-4daab3fab63e">
      <Execution id="2a158386-843f-4b3b-8562-f43fb3c680f4" />
      <TestMethod codeBase="/tmp/blitzy/stocksharp-storedprocedures/blitzy-390f5b52-a9a3-4610-9322-1e65e0fd4d60_f38f36/Tests/bin/Release/net10.0/StockSharp.Tests.dll" adapterTypeName="executor://mstestadapter/v4" className="StockSharp.Tests.PreTradeRiskParityTests" name="Check1_PriceCeiling" />
    </UnitTest>
    <UnitTest name="Gateway_RejectedOrders_CountTowardRollingFrequencyWindow" storage="/tmp/blitzy/stocksharp-storedprocedures/blitzy-390f5b52-a9a3-4610-9322-1e65e0fd4d60_f38f36/tests/bin/release/net10.0/stocksharp.tests.dll" id="19a81e61-1e19-85a3-a741-716ea5a50a1a">
      <Execution id="8d4f2797-4d79-4d79-b995-f86fadb91bff" />
      <TestMethod codeBase="/tmp/blitzy/stocksharp-storedprocedures/blitzy-390f5b52-a9a3-4610-9322-1e65e0fd4d60_f38f36/Tests/bin/Release/net10.0/StockSharp.Tests.dll" adapterTypeName="executor://mstestadapter/v4" className="StockSharp.Tests.PreTradeRiskParityTests" name="Gateway_RejectedOrders_CountTowardRollingFrequencyWindow" />
    </UnitTest>
    <UnitTest name="Check5_HypotheticalPositionSize" storage="/tmp/blitzy/stocksharp-storedprocedures/blitzy-390f5b52-a9a3-4610-9322-1e65e0fd4d60_f38f36/tests/bin/release/net10.0/stocksharp.tests.dll" id="1ed9f898-4cdd-89e6-a86c-c3c7f0304e9f">
      <Execution id="3fccf0ee-3fd1-4f16-8558-6aa679917eac" />
      <TestMethod codeBase="/tmp/blitzy/stocksharp-storedprocedures/blitzy-390f5b52-a9a3-4610-9322-1e65e0fd4d60_f38f36/Tests/bin/Release/net10.0/StockSharp.Tests.dll" adapterTypeName="executor://mstestadapter/v4" className="StockSharp.Tests.PreTradeRiskParityTests" name="Check5_HypotheticalPositionSize" />
    </UnitTest>
    <UnitTest name="Step4_StagedOrdering_AttributionMatrix" storage="/tmp/blitzy/stocksharp-storedprocedures/blitzy-390f5b52-a9a3-4610-9322-1e65e0fd4d60_f38f36/tests/bin/release/net10.0/stocksharp.tests.dll" id="1dc3a77d-f009-8d2b-be57-6a9a9c8ba793">
      <Execution id="2c4c5891-ec81-42bd-8504-3825dd2d128c" />
      <TestMethod codeBase="/tmp/blitzy/stocksharp-storedprocedures/blitzy-390f5b52-a9a3-4610-9322-1e65e0fd4d60_f38f36/Tests/bin/Release/net10.0/StockSharp.Tests.dll" adapterTypeName="executor://mstestadapter/v4" className="StockSharp.Tests.PreTradeRiskParityTests" name="Step4_StagedOrdering_AttributionMatrix" />
    </UnitTest>
    <UnitTest name="MostSpecific_PortfolioAndSecurity_Wins" storage="/tmp/blitzy/stocksharp-storedprocedures/blitzy-390f5b52-a9a3-4610-9322-1e65e0fd4d60_f38f36/tests/bin/release/net10.0/stocksharp.tests.dll" id="120d7314-3d0a-88bc-adc8-a5dbf8d1a169">
      <Execution id="0cdc3539-0a1b-4909-bcf5-d376072295e9" />
      <TestMethod codeBase="/tmp/blitzy/stocksharp-storedprocedures/blitzy-390f5b52-a9a3-4610-9322-1e65e0fd4d60_f38f36/Tests/bin/Release/net10.0/StockSharp.Tests.dll" adapterTypeName="executor://mstestadapter/v4" className="StockSharp.Tests.PreTradeRiskParityTests" name="MostSpecific_PortfolioAndSecurity_Wins" />
    </UnitTest>
    <UnitTest name="ValidateAsync_NullAndZeroLimit_TreatedAsUnlimited_PerCheck" storage="/tmp/blitzy/stocksharp-storedprocedures/blitzy-390f5b52-a9a3-4610-9322-1e65e0fd4d60_f38f36/tests/bin/release/net10.0/stocksharp.tests.dll" id="1f02eb67-ca15-868e-9cea-4834ea051f96">
      <Execution id="ccba70ad-e7e5-4b11-8372-e313ad97cbfb" />
      <TestMethod codeBase="/tmp/blitzy/stocksharp-storedprocedures/blitzy-390f5b52-a9a3-4610-9322-1e65e0fd4d60_f38f36/Tests/bin/Release/net10.0/StockSharp.Tests.dll" adapterTypeName="executor://mstestadapter/v4" className="StockSharp.Tests.PreTradeRiskParityTests" name="ValidateAsync_NullAndZeroLimit_TreatedAsUnlimited_PerCheck" />
    </UnitTest>
    <UnitTest name="CountWithinWindow_NoUpperBound_IncludesFuture" storage="/tmp/blitzy/stocksharp-storedprocedures/blitzy-390f5b52-a9a3-4610-9322-1e65e0fd4d60_f38f36/tests/bin/release/net10.0/stocksharp.tests.dll" id="13392e35-b4d0-8d4f-a644-be5cfeb52b52">
      <Execution id="ce7aaea1-fce4-46f2-a15e-4089718105e8" />
      <TestMethod codeBase="/tmp/blitzy/stocksharp-storedprocedures/blitzy-390f5b52-a9a3-4610-9322-1e65e0fd4d60_f38f36/Tests/bin/Release/net10.0/StockSharp.Tests.dll" adapterTypeName="executor://mstestadapter/v4" className="StockSharp.Tests.PreTradeRiskParityTests" name="CountWithinWindow_NoUpperBound_IncludesFuture" />
    </UnitTest>
  </TestDefinitions>
  <TestEntries>
    <TestEntry testId="1ed9f898-4cdd-89e6-a86c-c3c7f0304e9f" executionId="3fccf0ee-3fd1-4f16-8558-6aa679917eac" testListId="8c84fa94-04c1-424b-9868-57a2d4851a1d" />
    <TestEntry testId="168f76dd-068e-8d1d-8a76-3bd74401514a" executionId="aaed707f-3f93-478e-87bd-efe5e3b5ee1f" testListId="8c84fa94-04c1-424b-9868-57a2d4851a1d" />
    <TestEntry testId="19081135-02df-8fc4-a6ca-63f6d6f33345" executionId="fd2dae2a-42bd-4dbb-b7ba-4a5d0991e198" testListId="8c84fa94-04c1-424b-9868-57a2d4851a1d" />
    <TestEntry testId="1cffced0-0900-8a74-9985-85c36c3f0865" executionId="39d76021-278f-4830-b688-76e21de6776e" testListId="8c84fa94-04c1-424b-9868-57a2d4851a1d" />
    <TestEntry testId="1dc3a77d-f009-8d2b-be57-6a9a9c8ba793" executionId="2c4c5891-ec81-42bd-8504-3825dd2d128c" testListId="8c84fa94-04c1-424b-9868-57a2d4851a1d" />
    <TestEntry testId="1f02eb67-ca15-868e-9cea-4834ea051f96" executionId="ccba70ad-e7e5-4b11-8372-e313ad97cbfb" testListId="8c84fa94-04c1-424b-9868-57a2d4851a1d" />
    <TestEntry testId="1bc48bb5-2f46-84f9-a4ff-5516525bfc8b" executionId="904ff03d-aff4-4130-a3bf-237a09d43258" testListId="8c84fa94-04c1-424b-9868-57a2d4851a1d" />
    <TestEntry testId="17e1d50f-6b5d-8d17-a557-5404be9f10bf" executionId="45e29b5d-c1b1-45d1-82c7-a5a326a50b0d" testListId="8c84fa94-04c1-424b-9868-57a2d4851a1d" />
    <TestEntry testId="1a1abc8a-f25a-8e2e-9fce-bf00a1c308e8" executionId="f5899b31-f3e4-4b90-b978-ec4f0c63660e" testListId="8c84fa94-04c1-424b-9868-57a2d4851a1d" />
    <TestEntry testId="19bfade9-8aab-82f2-855e-0e879909c622" executionId="8f0f0ce4-fee7-45eb-8e4f-0bd5722eaf7b" testListId="8c84fa94-04c1-424b-9868-57a2d4851a1d" />
    <TestEntry testId="19693644-7347-867b-8016-a2234cab1cc0" executionId="1f8f8e05-a6ea-4f28-a949-0a892f16b966" testListId="8c84fa94-04c1-424b-9868-57a2d4851a1d" />
    <TestEntry testId="166e1767-1e5c-839e-b87b-eea4cc63ce31" executionId="7a07b47a-a050-4b9f-b05f-69f784c943ea" testListId="8c84fa94-04c1-424b-9868-57a2d4851a1d" />
    <TestEntry testId="16cbd90f-83dd-8dc1-aabd-74e543134acb" executionId="4bb696b8-4d65-4656-b15a-40c393d69e8e" testListId="8c84fa94-04c1-424b-9868-57a2d4851a1d" />
    <TestEntry testId="13ac7861-0411-87f1-a2eb-865ba62b265d" executionId="d39e70a2-a323-421f-adaa-2f2895d2816b" testListId="8c84fa94-04c1-424b-9868-57a2d4851a1d" />
    <TestEntry testId="18dcf2f5-6ef3-84be-a038-4bcd012a9106" executionId="327c67d2-5892-4c72-a1bf-f911044b4c83" testListId="8c84fa94-04c1-424b-9868-57a2d4851a1d" />
    <TestEntry testId="19a81e61-1e19-85a3-a741-716ea5a50a1a" executionId="8d4f2797-4d79-4d79-b995-f86fadb91bff" testListId="8c84fa94-04c1-424b-9868-57a2d4851a1d" />
    <TestEntry testId="16be83a8-e060-8e73-a8ce-07c79712d683" executionId="ecde5c07-3e35-47fd-9366-9f36aab3bf30" testListId="8c84fa94-04c1-424b-9868-57a2d4851a1d" />
    <TestEntry testId="11e842cd-f1b8-8af0-9d92-b0601ec2f0ce" executionId="62478097-533b-4610-b11f-c1f45180d276" testListId="8c84fa94-04c1-424b-9868-57a2d4851a1d" />
    <TestEntry testId="13392e35-b4d0-8d4f-a644-be5cfeb52b52" executionId="ce7aaea1-fce4-46f2-a15e-4089718105e8" testListId="8c84fa94-04c1-424b-9868-57a2d4851a1d" />
    <TestEntry testId="1c9a0c80-ae03-87a4-a78d-4daab3fab63e" executionId="2a158386-843f-4b3b-8562-f43fb3c680f4" testListId="8c84fa94-04c1-424b-9868-57a2d4851a1d" />
    <TestEntry testId="1f08b489-5654-8c80-9436-b0e81642e814" executionId="2ea4a9b6-eef9-4d9d-a459-7c16a9138c77" testListId="8c84fa94-04c1-424b-9868-57a2d4851a1d" />
    <TestEntry testId="1b37935c-c4a7-8f45-bf5b-fc58b3a759d4" executionId="132d24f6-919a-4f0f-b0a1-a8709b8e0444" testListId="8c84fa94-04c1-424b-9868-57a2d4851a1d" />
    <TestEntry testId="148279db-c217-83b2-9a38-1eafe451fabf" executionId="ea21d88b-8d29-4e54-b562-43647bcf9dba" testListId="8c84fa94-04c1-424b-9868-57a2d4851a1d" />
    <TestEntry testId="16d8e4a2-5a98-8153-a084-8688e619afe8" executionId="7bf7ca4f-7c69-481f-a80d-b7c5346719bb" testListId="8c84fa94-04c1-424b-9868-57a2d4851a1d" />
    <TestEntry testId="13c1cbbd-dfd7-89cd-899f-17597bd2e591" executionId="ce233928-f550-4292-be24-e1c3587c72be" testListId="8c84fa94-04c1-424b-9868-57a2d4851a1d" />
    <TestEntry testId="16018354-0771-8c06-b365-e353c8c2b7bd" executionId="7402edcd-d74e-45a0-b20d-bec7169142a3" testListId="8c84fa94-04c1-424b-9868-57a2d4851a1d" />
    <TestEntry testId="145d15e6-7a7f-808e-beb4-afcb820d69cf" executionId="05b2b3e8-e6b5-4427-9012-31441ba41dae" testListId="8c84fa94-04c1-424b-9868-57a2d4851a1d" />
    <TestEntry testId="19640e2e-a59d-8046-819c-b4f5e9e0677b" executionId="4b3c5d3e-8d1f-4db4-adb1-5f4f0ef9c4fa" testListId="8c84fa94-04c1-424b-9868-57a2d4851a1d" />
    <TestEntry testId="1aa93d85-e8a3-86eb-84db-b360a7bbccaf" executionId="e8958534-1437-433f-aad0-9c9f2a8e1e2a" testListId="8c84fa94-04c1-424b-9868-57a2d4851a1d" />
    <TestEntry testId="1d9fe674-4160-8a7d-92b8-9748a071f323" executionId="9db4acb4-8acd-46f7-b6e7-c34c69196f28" testListId="8c84fa94-04c1-424b-9868-57a2d4851a1d" />
    <TestEntry testId="1578f725-35c1-8c27-ab13-ba64268b26df" executionId="aac87ee4-7dec-4317-b33b-a540b7d35976" testListId="8c84fa94-04c1-424b-9868-57a2d4851a1d" />
    <TestEntry testId="120d7314-3d0a-88bc-adc8-a5dbf8d1a169" executionId="0cdc3539-0a1b-4909-bcf5-d376072295e9" testListId="8c84fa94-04c1-424b-9868-57a2d4851a1d" />
    <TestEntry testId="175de2e5-2625-80a1-bfd5-dd40167735b8" executionId="de22cc76-e328-4a6b-92f4-2f76ae0f2258" testListId="8c84fa94-04c1-424b-9868-57a2d4851a1d" />
    <TestEntry testId="1cf041ec-18f5-87f7-9734-21e95373c3fb" executionId="34bff487-9f4d-4a07-b61a-f1c40c471826" testListId="8c84fa94-04c1-424b-9868-57a2d4851a1d" />
    <TestEntry testId="18b85bce-2fa8-8c6f-8bcf-104ba222575d" executionId="56595615-29c8-4b63-a32c-b4226ea8c6aa" testListId="8c84fa94-04c1-424b-9868-57a2d4851a1d" />
    <TestEntry testId="18a57994-0664-8488-bf2e-40c8ef32f21a" executionId="50d62391-f9eb-46dc-9897-527862a17c4d" testListId="8c84fa94-04c1-424b-9868-57a2d4851a1d" />
    <TestEntry testId="18370f0b-ead6-845a-a90e-712ee76b2ddf" executionId="ca99a8f6-9922-4111-aaa5-93d1cdc51d0b" testListId="8c84fa94-04c1-424b-9868-57a2d4851a1d" />
    <TestEntry testId="136c39d8-3713-8cb5-9f6b-b8c3103a7a7f" executionId="5e1891e6-31c8-4b1c-ad57-b14fbe71492b" testListId="8c84fa94-04c1-424b-9868-57a2d4851a1d" />
    <TestEntry testId="1ea9a3dc-df4a-8edd-9cea-7b29890c276b" executionId="c6cd3569-d42c-4ab4-9924-c951eb094f04" testListId="8c84fa94-04c1-424b-9868-57a2d4851a1d" />
    <TestEntry testId="1fabd4df-fe4c-8613-9912-abd0bca61ec1" executionId="a0e2ab86-eabd-4f79-9f6b-76054cbf5602" testListId="8c84fa94-04c1-424b-9868-57a2d4851a1d" />
    <TestEntry testId="1912c42f-722b-8d19-aa68-58ebd48de5d0" executionId="d2a23ba8-3516-4665-9367-a24631a4abbf" testListId="8c84fa94-04c1-424b-9868-57a2d4851a1d" />
    <TestEntry testId="13443f76-7785-8602-b14b-bd5b53358c6f" executionId="b3c7c11a-4146-4ac2-a52e-5b55079c0cf9" testListId="8c84fa94-04c1-424b-9868-57a2d4851a1d" />
  </TestEntries>
  <TestLists>
    <TestList name="Results Not in a List" id="8c84fa94-04c1-424b-9868-57a2d4851a1d" />
    <TestList name="All Loaded Results" id="19431567-8539-422a-85d7-44ee4e166bda" />
  </TestLists>
  <ResultSummary outcome="Completed">
    <Counters total="42" executed="42" passed="42" failed="0" error="0" timeout="0" aborted="0" inconclusive="0" passedButRunAborted="0" notRunnable="0" notExecuted="0" disconnected="0" warning="0" completed="0" inProgress="0" pending="0" />
    <Output>
      <StdOut>Test Parallelization enabled for /tmp/blitzy/stocksharp-storedprocedures/blitzy-390f5b52-a9a3-4610-9322-1e65e0fd4d60_f38f36/Tests/bin/Release/net10.0/StockSharp.Tests.dll (Workers: 4, Scope: MethodLevel)
</StdOut>
    </Output>
  </ResultSummary>
</TestRun>